sources/driver/flash/flash.c:65:9:flash_wait_to_idle	8	static
sources/driver/flash/flash.c:52:6:flash_set_write_enable.constprop	8	static
sources/driver/flash/flash.c:97:9:flash_is_connected	8	static
sources/driver/flash/flash.c:112:9:flash_read	24	static
sources/driver/flash/flash.c:140:9:flash_write	16	static
sources/driver/flash/flash.c:186:9:flash_erase_sector	8	static
sources/driver/flash/flash.c:215:9:flash_erase_block_32k	8	static
sources/driver/flash/flash.c:244:9:flash_erase_block_64k	8	static
sources/driver/flash/flash.c:273:10:flash_erase_full	8	static
sources/driver/flash/flash.c:294:9:flash_erase_synchronous	0	static
