sources/networks/mbmaster-v2.9.6/demo/STM32/Port/mbporttimer.c:68:1:eMBPTimerInit	56	static
sources/networks/mbmaster-v2.9.6/demo/STM32/Port/mbporttimer.c:143:1:vMBPTimerClose	0	static
sources/networks/mbmaster-v2.9.6/demo/STM32/Port/mbporttimer.c:154:1:eMBPTimerSetTimeout	16	static
sources/networks/mbmaster-v2.9.6/demo/STM32/Port/mbporttimer.c:172:1:eMBPTimerStart	8	static
sources/networks/mbmaster-v2.9.6/demo/STM32/Port/mbporttimer.c:188:1:eMBPTimerStop	8	static
sources/networks/mbmaster-v2.9.6/demo/STM32/Port/mbporttimer.c:208:1:vMBPTimerISR	16	static
