sources/libraries/QRCode/src/qrcode.c:146:13:getModeBits	0	static
sources/libraries/QRCode/src/qrcode.c:209:13:bb_appendBits	28	static
sources/libraries/QRCode/src/qrcode.c:223:13:bb_setBit	8	static
sources/libraries/QRCode/src/qrcode.c:244:13:bb_getBit	0	static
sources/libraries/QRCode/src/qrcode.c:256:13:applyMask	48	static
sources/libraries/QRCode/src/qrcode.c:279:13:setFunctionModule	16	static
sources/libraries/QRCode/src/qrcode.c:285:13:drawFinderPattern	56	static
sources/libraries/QRCode/src/qrcode.c:310:13:drawFormatBits	40	static
sources/libraries/QRCode/src/qrcode.c:102:15:getAlphanumeric	0	static
sources/libraries/QRCode/src/qrcode.c:770:10:qrcode_getBufferSize	0	static
sources/libraries/QRCode/src/qrcode.c:775:8:qrcode_initBytes	144	dynamic
sources/libraries/QRCode/src/qrcode.c:851:8:qrcode_initText	32	static
sources/libraries/QRCode/src/qrcode.c:855:6:qrcode_getModule	0	static
