sources/app/screens/scr_zomwar_game.cpp:40:6:void zw_game_gunner_display()	24	static
sources/app/screens/scr_zomwar_game.cpp:52:6:void zw_game_bullet_display()	40	static
sources/app/screens/scr_zomwar_game.cpp:65:6:void zw_game_zombie_display()	40	static
sources/app/screens/scr_zomwar_game.cpp:96:6:void zw_game_bang_display()	40	static
sources/app/screens/scr_zomwar_game.cpp:127:6:void zw_game_car_display()	40	static
sources/app/screens/scr_zomwar_game.cpp:172:6:void zw_game_tombstone_display()	40	static
sources/app/screens/scr_zomwar_game.cpp:224:6:void zw_game_warning_display()	24	static
sources/app/screens/scr_zomwar_game.cpp:284:6:void zw_game_level_setup()	0	static
sources/app/screens/scr_zomwar_game.cpp:290:6:void zw_game_time_tick_setup()	0	static
sources/app/screens/scr_zomwar_game.cpp:297:6:void zw_game_save_and_reset_score()	0	static
sources/app/screens/scr_zomwar_game.cpp:303:6:void scr_zw_game_handle(ak_msg_t*)	24	static
sources/app/screens/scr_zomwar_game.cpp:26:6:void zw_game_frame_display()	24	static
sources/app/screens/scr_zomwar_game.cpp:158:6:void zw_game_grass_display()	40	static
sources/app/screens/scr_zomwar_game.cpp:257:6:void view_scr_zomwar_game()	56	static
