sources/app/shell.cpp:126:7:char* str_parser_get_attr(uint8_t)	0	static
sources/app/shell.cpp:137:9:int32_t shell_reset(uint8_t*)	8	static
sources/app/shell.cpp:143:9:int32_t shell_help(uint8_t*)	16	static
sources/app/shell.cpp:157:9:int32_t shell_reboot(uint8_t*)	8	static
sources/app/shell.cpp:164:9:int32_t shell_fwu(uint8_t*)	96	static
sources/app/shell.cpp:732:9:int32_t shell_boot(uint8_t*)	104	static
sources/app/shell.cpp:100:9:uint8_t str_parser(char*)	24	static
sources/app/shell.cpp:181:9:int32_t shell_fatal(uint8_t*)	128	static
sources/app/shell.cpp:394:9:int32_t shell_flash(uint8_t*)	32	static
sources/app/shell.cpp:341:9:int32_t shell_eps(uint8_t*)	24	static
sources/app/shell.cpp:583:9:int32_t shell_ram(uint8_t*)	24	static
sources/app/shell.cpp:798:9:int32_t shell_buzzer(uint8_t*)	8	static
sources/app/shell.cpp:548:9:int32_t shell_dbg(uint8_t*)	8	static
sources/app/shell.cpp:467:9:int32_t shell_lcd(uint8_t*)	8	static
