sources/platform/stm32l/Libraries/STM32L1xx_StdPeriph_Driver/src/stm32l1xx_rtc.c:2636:16:RTC_ByteToBcd2	0	static
sources/platform/stm32l/Libraries/STM32L1xx_StdPeriph_Driver/src/stm32l1xx_rtc.c:2654:16:RTC_Bcd2ToByte	0	static
sources/platform/stm32l/Libraries/STM32L1xx_StdPeriph_Driver/src/stm32l1xx_rtc.c:442:6:RTC_StructInit	0	static
sources/platform/stm32l/Libraries/STM32L1xx_StdPeriph_Driver/src/stm32l1xx_rtc.c:464:6:RTC_WriteProtectionCmd	0	static
sources/platform/stm32l/Libraries/STM32L1xx_StdPeriph_Driver/src/stm32l1xx_rtc.c:491:13:RTC_EnterInitMode	8	static
sources/platform/stm32l/Libraries/STM32L1xx_StdPeriph_Driver/src/stm32l1xx_rtc.c:536:6:RTC_ExitInitMode	0	static
sources/platform/stm32l/Libraries/STM32L1xx_StdPeriph_Driver/src/stm32l1xx_rtc.c:396:13:RTC_Init	16	static
sources/platform/stm32l/Libraries/STM32L1xx_StdPeriph_Driver/src/stm32l1xx_rtc.c:558:13:RTC_WaitForSynchro	8	static
sources/platform/stm32l/Libraries/STM32L1xx_StdPeriph_Driver/src/stm32l1xx_rtc.c:312:13:RTC_DeInit	24	static
sources/platform/stm32l/Libraries/STM32L1xx_StdPeriph_Driver/src/stm32l1xx_rtc.c:601:13:RTC_RefClockCmd	16	static
sources/platform/stm32l/Libraries/STM32L1xx_StdPeriph_Driver/src/stm32l1xx_rtc.c:649:6:RTC_BypassShadowCmd	0	static
sources/platform/stm32l/Libraries/STM32L1xx_StdPeriph_Driver/src/stm32l1xx_rtc.c:703:13:RTC_SetTime	24	static
sources/platform/stm32l/Libraries/STM32L1xx_StdPeriph_Driver/src/stm32l1xx_rtc.c:807:6:RTC_TimeStructInit	0	static
sources/platform/stm32l/Libraries/STM32L1xx_StdPeriph_Driver/src/stm32l1xx_rtc.c:826:6:RTC_GetTime	16	static
sources/platform/stm32l/Libraries/STM32L1xx_StdPeriph_Driver/src/stm32l1xx_rtc.c:857:10:RTC_GetSubSecond	0	static
sources/platform/stm32l/Libraries/STM32L1xx_StdPeriph_Driver/src/stm32l1xx_rtc.c:882:13:RTC_SetDate	16	static
sources/platform/stm32l/Libraries/STM32L1xx_StdPeriph_Driver/src/stm32l1xx_rtc.c:973:6:RTC_DateStructInit	0	static
sources/platform/stm32l/Libraries/STM32L1xx_StdPeriph_Driver/src/stm32l1xx_rtc.c:992:6:RTC_GetDate	16	static
sources/platform/stm32l/Libraries/STM32L1xx_StdPeriph_Driver/src/stm32l1xx_rtc.c:1052:6:RTC_SetAlarm	32	static
sources/platform/stm32l/Libraries/STM32L1xx_StdPeriph_Driver/src/stm32l1xx_rtc.c:1163:6:RTC_AlarmStructInit	0	static
sources/platform/stm32l/Libraries/STM32L1xx_StdPeriph_Driver/src/stm32l1xx_rtc.c:1193:6:RTC_GetAlarm	24	static
sources/platform/stm32l/Libraries/STM32L1xx_StdPeriph_Driver/src/stm32l1xx_rtc.c:1247:13:RTC_AlarmCmd	8	static
sources/platform/stm32l/Libraries/STM32L1xx_StdPeriph_Driver/src/stm32l1xx_rtc.c:1341:6:RTC_AlarmSubSecondConfig	8	static
sources/platform/stm32l/Libraries/STM32L1xx_StdPeriph_Driver/src/stm32l1xx_rtc.c:1382:10:RTC_GetAlarmSubSecond	0	static
sources/platform/stm32l/Libraries/STM32L1xx_StdPeriph_Driver/src/stm32l1xx_rtc.c:1430:6:RTC_WakeUpClockConfig	0	static
sources/platform/stm32l/Libraries/STM32L1xx_StdPeriph_Driver/src/stm32l1xx_rtc.c:1457:6:RTC_SetWakeUpCounter	0	static
sources/platform/stm32l/Libraries/STM32L1xx_StdPeriph_Driver/src/stm32l1xx_rtc.c:1478:10:RTC_GetWakeUpCounter	0	static
sources/platform/stm32l/Libraries/STM32L1xx_StdPeriph_Driver/src/stm32l1xx_rtc.c:1490:13:RTC_WakeUpCmd	8	static
sources/platform/stm32l/Libraries/STM32L1xx_StdPeriph_Driver/src/stm32l1xx_rtc.c:1566:6:RTC_DayLightSavingConfig	8	static
sources/platform/stm32l/Libraries/STM32L1xx_StdPeriph_Driver/src/stm32l1xx_rtc.c:1593:10:RTC_GetStoreOperation	0	static
sources/platform/stm32l/Libraries/STM32L1xx_StdPeriph_Driver/src/stm32l1xx_rtc.c:1631:6:RTC_OutputConfig	8	static
sources/platform/stm32l/Libraries/STM32L1xx_StdPeriph_Driver/src/stm32l1xx_rtc.c:1682:13:RTC_CoarseCalibConfig	16	static
sources/platform/stm32l/Libraries/STM32L1xx_StdPeriph_Driver/src/stm32l1xx_rtc.c:1723:13:RTC_CoarseCalibCmd	16	static
sources/platform/stm32l/Libraries/STM32L1xx_StdPeriph_Driver/src/stm32l1xx_rtc.c:1770:6:RTC_CalibOutputCmd	0	static
sources/platform/stm32l/Libraries/STM32L1xx_StdPeriph_Driver/src/stm32l1xx_rtc.c:1802:6:RTC_CalibOutputConfig	0	static
sources/platform/stm32l/Libraries/STM32L1xx_StdPeriph_Driver/src/stm32l1xx_rtc.c:1838:13:RTC_SmoothCalibConfig	12	static
sources/platform/stm32l/Libraries/STM32L1xx_StdPeriph_Driver/src/stm32l1xx_rtc.c:1914:6:RTC_TimeStampCmd	0	static
sources/platform/stm32l/Libraries/STM32L1xx_StdPeriph_Driver/src/stm32l1xx_rtc.c:1958:6:RTC_GetTimeStamp	24	static
sources/platform/stm32l/Libraries/STM32L1xx_StdPeriph_Driver/src/stm32l1xx_rtc.c:2002:10:RTC_GetTimeStampSubSecond	0	static
sources/platform/stm32l/Libraries/STM32L1xx_StdPeriph_Driver/src/stm32l1xx_rtc.c:2040:6:RTC_TamperTriggerConfig	0	static
sources/platform/stm32l/Libraries/STM32L1xx_StdPeriph_Driver/src/stm32l1xx_rtc.c:2070:6:RTC_TamperCmd	0	static
sources/platform/stm32l/Libraries/STM32L1xx_StdPeriph_Driver/src/stm32l1xx_rtc.c:2101:6:RTC_TamperFilterConfig	0	static
sources/platform/stm32l/Libraries/STM32L1xx_StdPeriph_Driver/src/stm32l1xx_rtc.c:2135:6:RTC_TamperSamplingFreqConfig	0	static
sources/platform/stm32l/Libraries/STM32L1xx_StdPeriph_Driver/src/stm32l1xx_rtc.c:2158:6:RTC_TamperPinsPrechargeDuration	0	static
sources/platform/stm32l/Libraries/STM32L1xx_StdPeriph_Driver/src/stm32l1xx_rtc.c:2178:6:RTC_TimeStampOnTamperDetectionCmd	0	static
sources/platform/stm32l/Libraries/STM32L1xx_StdPeriph_Driver/src/stm32l1xx_rtc.c:2201:6:RTC_TamperPullUpCmd	0	static
sources/platform/stm32l/Libraries/STM32L1xx_StdPeriph_Driver/src/stm32l1xx_rtc.c:2242:6:RTC_WriteBackupRegister	8	static
sources/platform/stm32l/Libraries/STM32L1xx_StdPeriph_Driver/src/stm32l1xx_rtc.c:2263:10:RTC_ReadBackupRegister	8	static
sources/platform/stm32l/Libraries/STM32L1xx_StdPeriph_Driver/src/stm32l1xx_rtc.c:2303:6:RTC_OutputTypeConfig	0	static
sources/platform/stm32l/Libraries/STM32L1xx_StdPeriph_Driver/src/stm32l1xx_rtc.c:2341:13:RTC_SynchroShiftConfig	8	static
sources/platform/stm32l/Libraries/STM32L1xx_StdPeriph_Driver/src/stm32l1xx_rtc.c:2461:6:RTC_ITConfig	8	static
sources/platform/stm32l/Libraries/STM32L1xx_StdPeriph_Driver/src/stm32l1xx_rtc.c:2511:12:RTC_GetFlagStatus	0	static
sources/platform/stm32l/Libraries/STM32L1xx_StdPeriph_Driver/src/stm32l1xx_rtc.c:2549:6:RTC_ClearFlag	0	static
sources/platform/stm32l/Libraries/STM32L1xx_StdPeriph_Driver/src/stm32l1xx_rtc.c:2571:10:RTC_GetITStatus	8	static
sources/platform/stm32l/Libraries/STM32L1xx_StdPeriph_Driver/src/stm32l1xx_rtc.c:2613:6:RTC_ClearITPendingBit	0	static
