Archive member included to satisfy reference by file (symbol)

/home/phuoc/Workspace/Tools/gcc-arm-none-eabi-10.3-2021.10-x86_64-linux/gcc-arm-none-eabi-10.3-2021.10/arm-none-eabi/lib/thumb/v7-m/nofp/libc.a(lib_a-atof.o)
                              build_Zomwar-application/WString.o (atof)
/home/phuoc/Workspace/Tools/gcc-arm-none-eabi-10.3-2021.10-x86_64-linux/gcc-arm-none-eabi-10.3-2021.10/arm-none-eabi/lib/thumb/v7-m/nofp/libc.a(lib_a-atol.o)
                              build_Zomwar-application/WString.o (atol)
/home/phuoc/Workspace/Tools/gcc-arm-none-eabi-10.3-2021.10-x86_64-linux/gcc-arm-none-eabi-10.3-2021.10/arm-none-eabi/lib/thumb/v7-m/nofp/libc.a(lib_a-isspace.o)
                              build_Zomwar-application/WString.o (isspace)
/home/phuoc/Workspace/Tools/gcc-arm-none-eabi-10.3-2021.10-x86_64-linux/gcc-arm-none-eabi-10.3-2021.10/arm-none-eabi/lib/thumb/v7-m/nofp/libc.a(lib_a-malloc.o)
                              build_Zomwar-application/message.o (malloc)
/home/phuoc/Workspace/Tools/gcc-arm-none-eabi-10.3-2021.10-x86_64-linux/gcc-arm-none-eabi-10.3-2021.10/arm-none-eabi/lib/thumb/v7-m/nofp/libc.a(lib_a-mallocr.o)
                              /home/phuoc/Workspace/Tools/gcc-arm-none-eabi-10.3-2021.10-x86_64-linux/gcc-arm-none-eabi-10.3-2021.10/arm-none-eabi/lib/thumb/v7-m/nofp/libc.a(lib_a-malloc.o) (_malloc_r)
/home/phuoc/Workspace/Tools/gcc-arm-none-eabi-10.3-2021.10-x86_64-linux/gcc-arm-none-eabi-10.3-2021.10/arm-none-eabi/lib/thumb/v7-m/nofp/libc.a(lib_a-memcmp.o)
                              build_Zomwar-application/mbmfuncfiles.o (memcmp)
/home/phuoc/Workspace/Tools/gcc-arm-none-eabi-10.3-2021.10-x86_64-linux/gcc-arm-none-eabi-10.3-2021.10/arm-none-eabi/lib/thumb/v7-m/nofp/libc.a(lib_a-memcpy.o)
                              build_Zomwar-application/message.o (memcpy)
/home/phuoc/Workspace/Tools/gcc-arm-none-eabi-10.3-2021.10-x86_64-linux/gcc-arm-none-eabi-10.3-2021.10/arm-none-eabi/lib/thumb/v7-m/nofp/libc.a(lib_a-memmove.o)
                              build_Zomwar-application/WString.o (memmove)
/home/phuoc/Workspace/Tools/gcc-arm-none-eabi-10.3-2021.10-x86_64-linux/gcc-arm-none-eabi-10.3-2021.10/arm-none-eabi/lib/thumb/v7-m/nofp/libc.a(lib_a-memset.o)
                              build_Zomwar-application/task.o (memset)
/home/phuoc/Workspace/Tools/gcc-arm-none-eabi-10.3-2021.10-x86_64-linux/gcc-arm-none-eabi-10.3-2021.10/arm-none-eabi/lib/thumb/v7-m/nofp/libc.a(lib_a-mlock.o)
                              /home/phuoc/Workspace/Tools/gcc-arm-none-eabi-10.3-2021.10-x86_64-linux/gcc-arm-none-eabi-10.3-2021.10/arm-none-eabi/lib/thumb/v7-m/nofp/libc.a(lib_a-mallocr.o) (__malloc_lock)
/home/phuoc/Workspace/Tools/gcc-arm-none-eabi-10.3-2021.10-x86_64-linux/gcc-arm-none-eabi-10.3-2021.10/arm-none-eabi/lib/thumb/v7-m/nofp/libc.a(lib_a-rand.o)
                              build_Zomwar-application/WMath.o (srand)
/home/phuoc/Workspace/Tools/gcc-arm-none-eabi-10.3-2021.10-x86_64-linux/gcc-arm-none-eabi-10.3-2021.10/arm-none-eabi/lib/thumb/v7-m/nofp/libc.a(lib_a-realloc.o)
                              build_Zomwar-application/WString.o (realloc)
/home/phuoc/Workspace/Tools/gcc-arm-none-eabi-10.3-2021.10-x86_64-linux/gcc-arm-none-eabi-10.3-2021.10/arm-none-eabi/lib/thumb/v7-m/nofp/libc.a(lib_a-reallocr.o)
                              /home/phuoc/Workspace/Tools/gcc-arm-none-eabi-10.3-2021.10-x86_64-linux/gcc-arm-none-eabi-10.3-2021.10/arm-none-eabi/lib/thumb/v7-m/nofp/libc.a(lib_a-realloc.o) (_realloc_r)
/home/phuoc/Workspace/Tools/gcc-arm-none-eabi-10.3-2021.10-x86_64-linux/gcc-arm-none-eabi-10.3-2021.10/arm-none-eabi/lib/thumb/v7-m/nofp/libc.a(lib_a-sbrkr.o)
                              /home/phuoc/Workspace/Tools/gcc-arm-none-eabi-10.3-2021.10-x86_64-linux/gcc-arm-none-eabi-10.3-2021.10/arm-none-eabi/lib/thumb/v7-m/nofp/libc.a(lib_a-mallocr.o) (_sbrk_r)
/home/phuoc/Workspace/Tools/gcc-arm-none-eabi-10.3-2021.10-x86_64-linux/gcc-arm-none-eabi-10.3-2021.10/arm-none-eabi/lib/thumb/v7-m/nofp/libc.a(lib_a-strcat.o)
                              build_Zomwar-application/dtostrf.o (strcat)
/home/phuoc/Workspace/Tools/gcc-arm-none-eabi-10.3-2021.10-x86_64-linux/gcc-arm-none-eabi-10.3-2021.10/arm-none-eabi/lib/thumb/v7-m/nofp/libc.a(lib_a-strchr.o)
                              build_Zomwar-application/WString.o (strchr)
/home/phuoc/Workspace/Tools/gcc-arm-none-eabi-10.3-2021.10-x86_64-linux/gcc-arm-none-eabi-10.3-2021.10/arm-none-eabi/lib/thumb/v7-m/nofp/libc.a(lib_a-strcmp.o)
                              build_Zomwar-application/cmd_line.o (strcmp)
/home/phuoc/Workspace/Tools/gcc-arm-none-eabi-10.3-2021.10-x86_64-linux/gcc-arm-none-eabi-10.3-2021.10/arm-none-eabi/lib/thumb/v7-m/nofp/libc.a(lib_a-strcpy.o)
                              build_Zomwar-application/sys_dbg.o (strcpy)
/home/phuoc/Workspace/Tools/gcc-arm-none-eabi-10.3-2021.10-x86_64-linux/gcc-arm-none-eabi-10.3-2021.10/arm-none-eabi/lib/thumb/v7-m/nofp/libc.a(lib_a-strlen-stub.o)
[...]
Memory Configuration

Name             Origin             Length             Attributes
BSF              0x0000000008002000 0x0000000000001000 xr
FLASH            0x0000000008003000 0x000000000001d000 xr
SRAM             0x0000000020000000 0x0000000000004000 xrw
*default*        0x0000000000000000 0xffffffffffffffff

Linker script and memory map

                0x0000000000000800                HEAP_SIZE = 0x800

.start_boot_share_data_flash
                0x0000000008002000        0x0
                0x0000000008002000                _start_boot_share_data_flash = .

.start_flash    0x0000000008003000        0x0
                0x0000000008003000                _start_flash = .

.isr_vector     0x0000000008003000       0xf4
                0x0000000008003000                _isr_vector = .
 *(.isr_vector)
 .isr_vector    0x0000000008003000       0xf4 build_Zomwar-application/system.o
                0x0000000008003000                isr_vector
                0x00000000080030f4                . = ALIGN (0x4)

.text           0x00000000080030f8     0xddd0
                0x00000000080030f8                . = ALIGN (0x4)
 *(.text)
 .text          0x00000000080030f8       0xec /home/phuoc/Workspace/Tools/gcc-arm-none-eabi-10.3-2021.10-x86_64-linux/gcc-arm-none-eabi-10.3-2021.10/arm-none-eabi/lib/thumb/v7-m/nofp/libc.a(lib_a-memcpy.o)
                0x00000000080030f8                memcpy
 .text          0x00000000080031e4      0x1bc /home/phuoc/Workspace/Tools/gcc-arm-none-eabi-10.3-2021.10-x86_64-linux/gcc-arm-none-eabi-10.3-2021.10/arm-none-eabi/lib/thumb/v7-m/nofp/libc.a(lib_a-strcmp.o)
                0x00000000080031e4                strcmp
 .text          0x00000000080033a0      0x378 /home/phuoc/Workspace/Tools/gcc-arm-none-eabi-10.3-2021.10-x86_64-linux/gcc-arm-none-eabi-10.3-2021.10/lib/gcc/arm-none-eabi/10.3.1/thumb/v7-m/nofp/libgcc.a(_arm_addsubdf3.o)
                0x00000000080033a0                __aeabi_drsub
                0x00000000080033a8                __aeabi_dsub
                0x00000000080033a8                __subdf3
                0x00000000080033ac                __adddf3
                0x00000000080033ac                __aeabi_dadd
                0x0000000008003624                __aeabi_ui2d
                0x0000000008003624                __floatunsidf
                0x0000000008003644                __floatsidf
                0x0000000008003644                __aeabi_i2d
                0x0000000008003668                __extendsfdf2
                0x0000000008003668                __aeabi_f2d
                0x00000000080036ac                __aeabi_ul2d
                0x00000000080036ac                __floatundidf
                0x00000000080036bc                __floatdidf
                0x00000000080036bc                __aeabi_l2d
 .text          0x0000000008003718      0x424 /home/phuoc/Workspace/Tools/gcc-arm-none-eabi-10.3-2021.10-x86_64-linux/gcc-arm-none-eabi-10.3-2021.10/lib/gcc/arm-none-eabi/10.3.1/thumb/v7-m/nofp/libgcc.a(_arm_muldivdf3.o)
                0x0000000008003718                __aeabi_dmul
                0x0000000008003718                __muldf3
                0x000000000800396c                __aeabi_ddiv
                0x000000000800396c                __divdf3
 .text          0x0000000008003b3c      0x110 /home/phuoc/Workspace/Tools/gcc-arm-none-eabi-10.3-2021.10-x86_64-linux/gcc-arm-none-eabi-10.3-2021.10/lib/gcc/arm-none-eabi/10.3.1/thumb/v7-m/nofp/libgcc.a(_arm_cmpdf2.o)
                0x0000000008003b3c                __gtdf2
                0x0000000008003b3c                __gedf2
                0x0000000008003b44                __ltdf2
                0x0000000008003b44                __ledf2
                0x0000000008003b4c                __cmpdf2
                0x0000000008003b4c                __eqdf2
                0x0000000008003b4c                __nedf2
                0x0000000008003bc8                __aeabi_cdrcmple
                0x0000000008003bd8                __aeabi_cdcmple
                0x0000000008003bd8                __aeabi_cdcmpeq
                0x0000000008003be8                __aeabi_dcmpeq
                0x0000000008003bfc                __aeabi_dcmplt
                0x0000000008003c10                __aeabi_dcmple
                0x0000000008003c24                __aeabi_dcmpge
                0x0000000008003c38                __aeabi_dcmpgt
 .text          0x0000000008003c4c       0x2c /home/phuoc/Workspace/Tools/gcc-arm-none-eabi-10.3-2021.10-x86_64-linux/gcc-arm-none-eabi-10.3-2021.10/lib/gcc/arm-none-eabi/10.3.1/thumb/v7-m/nofp/libgcc.a(_arm_unorddf2.o)
                0x0000000008003c4c                __aeabi_dcmpun
                0x0000000008003c4c                __unorddf2
 .text          0x0000000008003c78       0x50 /home/phuoc/Workspace/Tools/gcc-arm-none-eabi-10.3-2021.10-x86_64-linux/gcc-arm-none-eabi-10.3-2021.10/lib/gcc/arm-none-eabi/10.3.1/thumb/v7-m/nofp/libgcc.a(_arm_fixdfsi.o)
                0x0000000008003c78                __fixdfsi
                0x0000000008003c78                __aeabi_d2iz
 .text          0x0000000008003cc8       0x30 /home/phuoc/Workspace/Tools/gcc-arm-none-eabi-10.3-2021.10-x86_64-linux/gcc-arm-none-eabi-10.3-2021.10/lib/gcc/arm-none-eabi/10.3.1/thumb/v7-m/nofp/libgcc.a(_aeabi_uldivmod.o)
                0x0000000008003cc8                __aeabi_uldivmod
 .text          0x0000000008003cf8      0x2d4 /home/phuoc/Workspace/Tools/gcc-arm-none-eabi-10.3-2021.10-x86_64-linux/gcc-arm-none-eabi-10.3-2021.10/lib/gcc/arm-none-eabi/10.3.1/thumb/v7-m/nofp/libgcc.a(_udivmoddi4.o)
                0x0000000008003cf8                __udivmoddi4
 .text          0x0000000008003fcc        0x4 /home/phuoc/Workspace/Tools/gcc-arm-none-eabi-10.3-2021.10-x86_64-linux/gcc-arm-none-eabi-10.3-2021.10/lib/gcc/arm-none-eabi/10.3.1/thumb/v7-m/nofp/libgcc.a(_dvmd_tls.o)
                0x0000000008003fcc                __aeabi_ldiv0
                0x0000000008003fcc                __aeabi_idiv0
 *(.text*)
 .text.fsm_dispatch
                0x0000000008003fd0        0x6 build_Zomwar-application/fsm.o
                0x0000000008003fd0                fsm_dispatch
 *fill*         0x0000000008003fd6        0x2 
 .text.task_create
                0x0000000008003fd8       0x3c build_Zomwar-application/task.o
                0x0000000008003fd8                task_create
 .text.task_polling_create
                0x0000000008004014       0x34 build_Zomwar-application/task.o
                0x0000000008004014                task_polling_create
 .text.task_post
                0x0000000008004048       0x84 build_Zomwar-application/task.o
                0x0000000008004048                task_post
 .text.task_remove_msg
                0x00000000080040cc       0xb4 build_Zomwar-application/task.o
                0x00000000080040cc                task_remove_msg
 .text.task_post_pure_msg
                0x0000000008004180       0x18 build_Zomwar-application/task.o
                0x0000000008004180                task_post_pure_msg
 .text.task_post_common_msg
                0x0000000008004198       0x2a build_Zomwar-application/task.o
                0x0000000008004198                task_post_common_msg
 *fill*         0x00000000080041c2        0x2 
 .text.task_entry_interrupt
                0x00000000080041c4       0x1c build_Zomwar-application/task.o
                0x00000000080041c4                task_entry_interrupt
 .text.task_exit_interrupt
                0x00000000080041e0       0x24 build_Zomwar-application/task.o
                0x00000000080041e0                task_exit_interrupt
 .text.task_init
                0x0000000008004204       0x40 build_Zomwar-application/task.o
                0x0000000008004204                task_init
 .text.task_polling_run
                0x0000000008004244       0x30 build_Zomwar-application/task.o
                0x0000000008004244                task_polling_run
 .text.task_run
                0x0000000008004274      0x138 build_Zomwar-application/task.o
                0x0000000008004274                task_run
 .text.get_current_task_id
                0x00000000080043ac        0xc build_Zomwar-application/task.o
                0x00000000080043ac                get_current_task_id
 .text.get_current_task_info
                0x00000000080043b8        0x8 build_Zomwar-application/task.o
                0x00000000080043b8                get_current_task_info
 .text.get_current_active_object
                0x00000000080043c0        0x8 build_Zomwar-application/task.o
                0x00000000080043c0                get_current_active_object
 .text.timer_remove_msg
                0x00000000080043c8       0x64 build_Zomwar-application/timer.o
 .text.task_timer_tick
                0x000000000800442c       0x7c build_Zomwar-application/timer.o
                0x000000000800442c                task_timer_tick
 .text.timer_init
                0x00000000080044a8       0x6c build_Zomwar-application/timer.o
                0x00000000080044a8                timer_init
 .text.timer_tick
                0x0000000008004514       0x38 build_Zomwar-application/timer.o
                0x0000000008004514                timer_tick
 .text.timer_set
                0x000000000800454c       0x98 build_Zomwar-application/timer.o
                0x000000000800454c                timer_set
 .text.timer_remove_attr
                0x00000000080045e4       0x18 build_Zomwar-application/timer.o
                0x00000000080045e4                timer_remove_attr
 .text.free_common_msg
                0x00000000080045fc       0x28 build_Zomwar-application/message.o
 .text.free_pure_msg
                0x0000000008004624       0x28 build_Zomwar-application/message.o
 .text.free_dynamic_msg
                0x000000000800464c       0x30 build_Zomwar-application/message.o
 .text.msg_init
                0x000000000800467c      0x100 build_Zomwar-application/message.o
                0x000000000800467c                msg_init
 .text.msg_force_free
                0x000000000800477c       0x44 build_Zomwar-application/message.o
                0x000000000800477c                msg_force_free
 .text.msg_inc_ref_count
                0x00000000080047c0       0x2c build_Zomwar-application/message.o
                0x00000000080047c0                msg_inc_ref_count
 .text.msg_dec_ref_count
                0x00000000080047ec       0x28 build_Zomwar-application/message.o
                0x00000000080047ec                msg_dec_ref_count
 .text.msg_free
                0x0000000008004814       0x58 build_Zomwar-application/message.o
                0x0000000008004814                msg_free
 .text.ak_malloc
                0x000000000800486c       0x50 build_Zomwar-application/message.o
                0x000000000800486c                ak_malloc
 .text.ak_free  0x00000000080048bc        0x4 build_Zomwar-application/message.o
                0x00000000080048bc                ak_free
 .text.get_pure_msg
                0x00000000080048c0       0x5c build_Zomwar-application/message.o
                0x00000000080048c0                get_pure_msg
 .text.get_common_msg
                0x000000000800491c       0x60 build_Zomwar-application/message.o
                0x000000000800491c                get_common_msg
 .text.set_data_common_msg
                0x000000000800497c       0x4c build_Zomwar-application/message.o
                0x000000000800497c                set_data_common_msg
 .text.get_data_common_msg
                0x00000000080049c8       0x28 build_Zomwar-application/message.o
                0x00000000080049c8                get_data_common_msg
 .text.get_data_len_common_msg
                0x00000000080049f0       0x28 build_Zomwar-application/message.o
                0x00000000080049f0                get_data_len_common_msg
 .text.get_dynamic_msg
                0x0000000008004a18       0x64 build_Zomwar-application/message.o
                0x0000000008004a18                get_dynamic_msg
 .text.set_data_dynamic_msg
                0x0000000008004a7c       0x3c build_Zomwar-application/message.o
                0x0000000008004a7c                set_data_dynamic_msg
 .text.get_data_dynamic_msg
                0x0000000008004ab8       0x28 build_Zomwar-application/message.o
                0x0000000008004ab8                get_data_dynamic_msg
 .text.get_data_len_dynamic_msg
                0x0000000008004ae0        0x4 build_Zomwar-application/message.o
                0x0000000008004ae0                get_data_len_dynamic_msg
 .text.log_queue_init
                0x0000000008004ae4       0x2e build_Zomwar-application/log_queue.o
                0x0000000008004ae4                log_queue_init
 .text.log_queue_len
                0x0000000008004b12        0x4 build_Zomwar-application/log_queue.o
                0x0000000008004b12                log_queue_len
 .text.log_queue_put
                0x0000000008004b16       0x5c build_Zomwar-application/log_queue.o
                0x0000000008004b16                log_queue_put
 .text.log_queue_get
                0x0000000008004b72       0x30 build_Zomwar-application/log_queue.o
                0x0000000008004b72                log_queue_get
 .text.fifo_init
                0x0000000008004ba2       0x12 build_Zomwar-application/fifo.o
                0x0000000008004ba2                fifo_init
 .text.fifo_availble
                0x0000000008004bb4        0x4 build_Zomwar-application/fifo.o
                0x0000000008004bb4                fifo_availble
 .text.fifo_is_full
                0x0000000008004bb8        0xc build_Zomwar-application/fifo.o
                0x0000000008004bb8                fifo_is_full
 .text.fifo_put
                0x0000000008004bc4       0x54 build_Zomwar-application/fifo.o
                0x0000000008004bc4                fifo_put
 .text.fifo_get
                0x0000000008004c18       0x50 build_Zomwar-application/fifo.o
                0x0000000008004c18                fifo_get
 .text.ring_buffer_char_init
                0x0000000008004c68        0xc build_Zomwar-application/ring_buffer.o
                0x0000000008004c68                ring_buffer_char_init
 .text.ring_buffer_char_is_empty
                0x0000000008004c74        0xa build_Zomwar-application/ring_buffer.o
                0x0000000008004c74                ring_buffer_char_is_empty
 .text.ring_buffer_char_put
                0x0000000008004c7e       0x36 build_Zomwar-application/ring_buffer.o
                0x0000000008004c7e                ring_buffer_char_put
 .text.ring_buffer_char_get
                0x0000000008004cb4       0x26 build_Zomwar-application/ring_buffer.o
                0x0000000008004cb4                ring_buffer_char_get
 .text.mem_read
                0x0000000008004cda       0x18 build_Zomwar-application/utils.o
                0x0000000008004cda                mem_read
 .text.mem_write
                0x0000000008004cf2       0x1a build_Zomwar-application/utils.o
                0x0000000008004cf2                mem_write
 *fill*         0x0000000008004d0c        0x4 
 .text.ilog10   0x0000000008004d10       0xd8 build_Zomwar-application/xprintf.o
 .text.i10x     0x0000000008004de8       0x78 build_Zomwar-application/xprintf.o
 .text.xfputc   0x0000000008004e60       0x30 build_Zomwar-application/xprintf.o
                0x0000000008004e60                xfputc
 .text.xputc    0x0000000008004e90       0x10 build_Zomwar-application/xprintf.o
                0x0000000008004e90                xputc
 .text.xvfprintf
                0x0000000008004ea0      0x580 build_Zomwar-application/xprintf.o
 .text.xprintf  0x0000000008005420       0x24 build_Zomwar-application/xprintf.o
                0x0000000008005420                xprintf
 .text.cmd_line_parser
                0x0000000008005444       0x7c build_Zomwar-application/cmd_line.o
                0x0000000008005444                cmd_line_parser
 .text.button_init
                0x00000000080054c0       0x34 build_Zomwar-application/button.o
                0x00000000080054c0                button_init
 .text.button_enable
                0x00000000080054f4        0x6 build_Zomwar-application/button.o
                0x00000000080054f4                button_enable
 .text.button_timer_polling
                0x00000000080054fa       0x76 build_Zomwar-application/button.o
                0x00000000080054fa                button_timer_polling
 .text.flash_wait_to_idle
                0x0000000008005570       0x32 build_Zomwar-application/flash.o
 .text.flash_set_write_enable.constprop.0
                0x00000000080055a2       0x14 build_Zomwar-application/flash.o
 .text.flash_is_connected
                0x00000000080055b6       0x22 build_Zomwar-application/flash.o
                0x00000000080055b6                flash_is_connected
 .text.flash_read
                0x00000000080055d8       0x5e build_Zomwar-application/flash.o
                0x00000000080055d8                flash_read
 .text.flash_write
                0x0000000008005636       0x6c build_Zomwar-application/flash.o
                0x0000000008005636                flash_write
 .text.flash_erase_sector
                0x00000000080056a2       0x48 build_Zomwar-application/flash.o
                0x00000000080056a2                flash_erase_sector
 .text.flash_erase_block_64k
                0x00000000080056ea       0x46 build_Zomwar-application/flash.o
                0x00000000080056ea                flash_erase_block_64k
 .text.led_init
                0x0000000008005730       0x20 build_Zomwar-application/led.o
                0x0000000008005730                led_init
 .text.led_on   0x0000000008005750        0xc build_Zomwar-application/led.o
                0x0000000008005750                led_on
 .text.led_off  0x000000000800575c        0xc build_Zomwar-application/led.o
                0x000000000800575c                led_off
 .text.led_toggle
                0x0000000008005768       0x12 build_Zomwar-application/led.o
                0x0000000008005768                led_toggle
 *fill*         0x000000000800577a        0x2 
 .text.BUZZER_Init
                0x000000000800577c       0xe0 build_Zomwar-application/buzzer.o
                0x000000000800577c                BUZZER_Init
 .text.BUZZER_Disable
                0x000000000800585c       0x38 build_Zomwar-application/buzzer.o
                0x000000000800585c                BUZZER_Disable
 .text.BUZZER_Enable
                0x0000000008005894       0x84 build_Zomwar-application/buzzer.o
                0x0000000008005894                BUZZER_Enable
 .text.buzzer_irq
                0x0000000008005918       0x98 build_Zomwar-application/buzzer.o
                0x0000000008005918                buzzer_irq
 .text.BUZZER_PlayTones
                0x00000000080059b0       0x2c build_Zomwar-application/buzzer.o
                0x00000000080059b0                BUZZER_PlayTones
 .text.BUZZER_Sleep
                0x00000000080059dc       0x14 build_Zomwar-application/buzzer.o
                0x00000000080059dc                BUZZER_Sleep
 .text.sys_dbg_cpu_dump
                0x00000000080059f0       0x4c build_Zomwar-application/sys_dbg.o
                0x00000000080059f0                sys_dbg_cpu_dump
 .text.sys_dbg_stack_space_dump
                0x0000000008005a3c       0x30 build_Zomwar-application/sys_dbg.o
                0x0000000008005a3c                sys_dbg_stack_space_dump
 .text.sys_dbg_fatal
                0x0000000008005a6c      0x3cc build_Zomwar-application/sys_dbg.o
                0x0000000008005a6c                sys_dbg_fatal
 .text.sys_boot_init
                0x0000000008005e38       0x14 build_Zomwar-application/sys_boot.o
                0x0000000008005e38                sys_boot_init
 .text.sys_boot_get
                0x0000000008005e4c        0xc build_Zomwar-application/sys_boot.o
                0x0000000008005e4c                sys_boot_get
 .text.sys_boot_set
                0x0000000008005e58       0x34 build_Zomwar-application/sys_boot.o
                0x0000000008005e58                sys_boot_set
 .text.vMBPAssert
                0x0000000008005e8c       0x1c build_Zomwar-application/mbportother.o
                0x0000000008005e8c                vMBPAssert
 .text.vMBPUSART2ISR
                0x0000000008005ea8       0xec build_Zomwar-application/mbportserial.o
                0x0000000008005ea8                vMBPUSART2ISR
 .text.vMBPTimerISR
                0x0000000008005f94       0x58 build_Zomwar-application/mbporttimer.o
                0x0000000008005f94                vMBPTimerISR
 .text.GPIO_Init
                0x0000000008005fec       0x78 build_Zomwar-application/stm32l1xx_gpio.o
                0x0000000008005fec                GPIO_Init
 .text.GPIO_ReadInputDataBit
                0x0000000008006064        0xc build_Zomwar-application/stm32l1xx_gpio.o
                0x0000000008006064                GPIO_ReadInputDataBit
 .text.GPIO_SetBits
                0x0000000008006070        0x4 build_Zomwar-application/stm32l1xx_gpio.o
                0x0000000008006070                GPIO_SetBits
 .text.GPIO_ResetBits
                0x0000000008006074        0x4 build_Zomwar-application/stm32l1xx_gpio.o
                0x0000000008006074                GPIO_ResetBits
 .text.GPIO_PinAFConfig
                0x0000000008006078       0x24 build_Zomwar-application/stm32l1xx_gpio.o
                0x0000000008006078                GPIO_PinAFConfig
 .text.RCC_HSICmd
                0x000000000800609c        0xc build_Zomwar-application/stm32l1xx_rcc.o
                0x000000000800609c                RCC_HSICmd
 .text.RCC_GetClocksFreq
                0x00000000080060a8       0x9c build_Zomwar-application/stm32l1xx_rcc.o
                0x00000000080060a8                RCC_GetClocksFreq
 .text.RCC_AHBPeriphClockCmd
                0x0000000008006144       0x18 build_Zomwar-application/stm32l1xx_rcc.o
                0x0000000008006144                RCC_AHBPeriphClockCmd
 .text.RCC_APB2PeriphClockCmd
                0x000000000800615c       0x18 build_Zomwar-application/stm32l1xx_rcc.o
                0x000000000800615c                RCC_APB2PeriphClockCmd
 .text.RCC_APB1PeriphClockCmd
                0x0000000008006174       0x18 build_Zomwar-application/stm32l1xx_rcc.o
                0x0000000008006174                RCC_APB1PeriphClockCmd
 .text.RCC_APB2PeriphResetCmd
                0x000000000800618c       0x18 build_Zomwar-application/stm32l1xx_rcc.o
                0x000000000800618c                RCC_APB2PeriphResetCmd
 .text.RCC_APB1PeriphResetCmd
                0x00000000080061a4       0x18 build_Zomwar-application/stm32l1xx_rcc.o
                0x00000000080061a4                RCC_APB1PeriphResetCmd
 .text.RCC_GetFlagStatus
                0x00000000080061bc       0x20 build_Zomwar-application/stm32l1xx_rcc.o
                0x00000000080061bc                RCC_GetFlagStatus
 .text.USART_Init
                0x00000000080061dc       0xa4 build_Zomwar-application/stm32l1xx_usart.o
                0x00000000080061dc                USART_Init
 .text.USART_Cmd
                0x0000000008006280       0x18 build_Zomwar-application/stm32l1xx_usart.o
                0x0000000008006280                USART_Cmd
 .text.USART_SendData
                0x0000000008006298        0x8 build_Zomwar-application/stm32l1xx_usart.o
                0x0000000008006298                USART_SendData
 .text.USART_ReceiveData
                0x00000000080062a0        0x8 build_Zomwar-application/stm32l1xx_usart.o
                0x00000000080062a0                USART_ReceiveData
 .text.USART_ITConfig
                0x00000000080062a8       0x30 build_Zomwar-application/stm32l1xx_usart.o
                0x00000000080062a8                USART_ITConfig
 .text.USART_GetFlagStatus
                0x00000000080062d8        0xc build_Zomwar-application/stm32l1xx_usart.o
                0x00000000080062d8                USART_GetFlagStatus
 .text.USART_GetITStatus
                0x00000000080062e4       0x3e build_Zomwar-application/stm32l1xx_usart.o
                0x00000000080062e4                USART_GetITStatus
 .text.USART_ClearITPendingBit
                0x0000000008006322        0xe build_Zomwar-application/stm32l1xx_usart.o
                0x0000000008006322                USART_ClearITPendingBit
 .text.SPI_I2S_DeInit
                0x0000000008006330       0x64 build_Zomwar-application/stm32l1xx_spi.o
                0x0000000008006330                SPI_I2S_DeInit
 .text.SPI_Init
                0x0000000008006394       0x3e build_Zomwar-application/stm32l1xx_spi.o
                0x0000000008006394                SPI_Init
 .text.SPI_Cmd  0x00000000080063d2       0x18 build_Zomwar-application/stm32l1xx_spi.o
                0x00000000080063d2                SPI_Cmd
 .text.SPI_I2S_ReceiveData
                0x00000000080063ea        0x6 build_Zomwar-application/stm32l1xx_spi.o
                0x00000000080063ea                SPI_I2S_ReceiveData
 .text.SPI_I2S_SendData
                0x00000000080063f0        0x4 build_Zomwar-application/stm32l1xx_spi.o
                0x00000000080063f0                SPI_I2S_SendData
 .text.SPI_I2S_GetFlagStatus
                0x00000000080063f4        0xc build_Zomwar-application/stm32l1xx_spi.o
                0x00000000080063f4                SPI_I2S_GetFlagStatus
 .text.NVIC_PriorityGroupConfig
                0x0000000008006400       0x14 build_Zomwar-application/misc.o
                0x0000000008006400                NVIC_PriorityGroupConfig
 .text.NVIC_Init
                0x0000000008006414       0x58 build_Zomwar-application/misc.o
                0x0000000008006414                NVIC_Init
 .text.EXTI_GetFlagStatus
                0x000000000800646c       0x14 build_Zomwar-application/stm32l1xx_exti.o
                0x000000000800646c                EXTI_GetFlagStatus
 .text.EXTI_GetITStatus
                0x0000000008006480        0x4 build_Zomwar-application/stm32l1xx_exti.o
                0x0000000008006480                EXTI_GetITStatus
 .text.EXTI_ClearITPendingBit
                0x0000000008006484        0xc build_Zomwar-application/stm32l1xx_exti.o
                0x0000000008006484                EXTI_ClearITPendingBit
 .text.TIM_DeInit
                0x0000000008006490       0xe4 build_Zomwar-application/stm32l1xx_tim.o
                0x0000000008006490                TIM_DeInit
 .text.TIM_TimeBaseInit
                0x0000000008006574       0x58 build_Zomwar-application/stm32l1xx_tim.o
                0x0000000008006574                TIM_TimeBaseInit
 .text.TIM_ARRPreloadConfig
                0x00000000080065cc       0x18 build_Zomwar-application/stm32l1xx_tim.o
                0x00000000080065cc                TIM_ARRPreloadConfig
 .text.TIM_Cmd  0x00000000080065e4       0x18 build_Zomwar-application/stm32l1xx_tim.o
                0x00000000080065e4                TIM_Cmd
 .text.TIM_OC3Init
                0x00000000080065fc       0x3c build_Zomwar-application/stm32l1xx_tim.o
                0x00000000080065fc                TIM_OC3Init
 .text.TIM_OC3PreloadConfig
                0x0000000008006638       0x10 build_Zomwar-application/stm32l1xx_tim.o
                0x0000000008006638                TIM_OC3PreloadConfig
 .text.TIM_ITConfig
                0x0000000008006648       0x12 build_Zomwar-application/stm32l1xx_tim.o
                0x0000000008006648                TIM_ITConfig
 .text.TIM_GetITStatus
                0x000000000800665a       0x16 build_Zomwar-application/stm32l1xx_tim.o
                0x000000000800665a                TIM_GetITStatus
 .text.TIM_ClearITPendingBit
                0x0000000008006670        0x8 build_Zomwar-application/stm32l1xx_tim.o
                0x0000000008006670                TIM_ClearITPendingBit
 .text.ADC_Init
                0x0000000008006678       0x4c build_Zomwar-application/stm32l1xx_adc.o
                0x0000000008006678                ADC_Init
 .text.ADC_Cmd  0x00000000080066c4       0x12 build_Zomwar-application/stm32l1xx_adc.o
                0x00000000080066c4                ADC_Cmd
 *fill*         0x00000000080066d6        0x2 
 .text.FLASH_Lock
                0x00000000080066d8       0x10 build_Zomwar-application/stm32l1xx_flash.o
                0x00000000080066d8                FLASH_Lock
 .text.DATA_EEPROM_Unlock
                0x00000000080066e8       0x20 build_Zomwar-application/stm32l1xx_flash.o
                0x00000000080066e8                DATA_EEPROM_Unlock
 .text.FLASH_Unlock
                0x0000000008006708       0x2c build_Zomwar-application/stm32l1xx_flash.o
                0x0000000008006708                FLASH_Unlock
 .text.DATA_EEPROM_Lock
                0x0000000008006734       0x10 build_Zomwar-application/stm32l1xx_flash.o
                0x0000000008006734                DATA_EEPROM_Lock
 .text.FLASH_ClearFlag
                0x0000000008006744        0xc build_Zomwar-application/stm32l1xx_flash.o
                0x0000000008006744                FLASH_ClearFlag
 .text.FLASH_GetStatus
                0x0000000008006750       0x28 build_Zomwar-application/stm32l1xx_flash.o
                0x0000000008006750                FLASH_GetStatus
 .text.FLASH_WaitForLastOperation
                0x0000000008006778       0x3c build_Zomwar-application/stm32l1xx_flash.o
                0x0000000008006778                FLASH_WaitForLastOperation
 .text.FLASH_ErasePage
                0x00000000080067b4       0x44 build_Zomwar-application/stm32l1xx_flash.o
                0x00000000080067b4                FLASH_ErasePage
 .text.FLASH_FastProgramWord
                0x00000000080067f8       0x22 build_Zomwar-application/stm32l1xx_flash.o
                0x00000000080067f8                FLASH_FastProgramWord
 .text.DATA_EEPROM_EraseWord
                0x000000000800681a       0x16 build_Zomwar-application/stm32l1xx_flash.o
                0x000000000800681a                DATA_EEPROM_EraseWord
 .text.DATA_EEPROM_FastProgramWord
                0x0000000008006830       0x30 build_Zomwar-application/stm32l1xx_flash.o
                0x0000000008006830                DATA_EEPROM_FastProgramWord
 .text.DATA_EEPROM_ProgramByte
                0x0000000008006860       0x4c build_Zomwar-application/stm32l1xx_flash.o
                0x0000000008006860                DATA_EEPROM_ProgramByte
 .text.IWDG_WriteAccessCmd
                0x00000000080068ac        0xc build_Zomwar-application/stm32l1xx_iwdg.o
                0x00000000080068ac                IWDG_WriteAccessCmd
 .text.IWDG_SetPrescaler
                0x00000000080068b8        0xc build_Zomwar-application/stm32l1xx_iwdg.o
                0x00000000080068b8                IWDG_SetPrescaler
 .text.IWDG_SetReload
                0x00000000080068c4        0xc build_Zomwar-application/stm32l1xx_iwdg.o
                0x00000000080068c4                IWDG_SetReload
 .text.IWDG_ReloadCounter
                0x00000000080068d0       0x10 build_Zomwar-application/stm32l1xx_iwdg.o
                0x00000000080068d0                IWDG_ReloadCounter
 .text.IWDG_Enable
                0x00000000080068e0       0x10 build_Zomwar-application/stm32l1xx_iwdg.o
                0x00000000080068e0                IWDG_Enable
 .text.I2C_SendData
                0x00000000080068f0        0x4 build_Zomwar-application/stm32l1xx_i2c.o
                0x00000000080068f0                I2C_SendData
 .text.I2C_CheckEvent
                0x00000000080068f4       0x18 build_Zomwar-application/stm32l1xx_i2c.o
                0x00000000080068f4                I2C_CheckEvent
 .text.disable_interrupts
                0x000000000800690c       0x10 build_Zomwar-application/platform.o
                0x000000000800690c                disable_interrupts
 .text.entry_critical
                0x000000000800691c       0x14 build_Zomwar-application/platform.o
                0x000000000800691c                entry_critical
 .text.exit_critical
                0x0000000008006930       0x30 build_Zomwar-application/platform.o
                0x0000000008006930                exit_critical
 .text.default_handler
                0x0000000008006960       0x1c build_Zomwar-application/system.o
                0x0000000008006960                svc_handler
                0x0000000008006960                default_handler
                0x0000000008006960                dg_monitor_handler
                0x0000000008006960                pendsv_handler
 .text.nmi_handler
                0x000000000800697c       0x1c build_Zomwar-application/system.o
                0x000000000800697c                nmi_handler
 .text.hard_fault_handler
                0x0000000008006998       0x1c build_Zomwar-application/system.o
                0x0000000008006998                hard_fault_handler
 .text.mem_manage_handler
                0x00000000080069b4       0x1c build_Zomwar-application/system.o
                0x00000000080069b4                mem_manage_handler
 .text.bus_fault_handler
                0x00000000080069d0       0x1c build_Zomwar-application/system.o
                0x00000000080069d0                bus_fault_handler
 .text.usage_fault_handler
                0x00000000080069ec       0x1c build_Zomwar-application/system.o
                0x00000000080069ec                usage_fault_handler
 .text.systick_handler
                0x0000000008006a08       0x40 build_Zomwar-application/system.o
                0x0000000008006a08                systick_handler
 .text.uart1_irq
                0x0000000008006a48       0x64 build_Zomwar-application/system.o
                0x0000000008006a48                uart1_irq
 .text.exti_line1_irq
                0x0000000008006aac       0x1c build_Zomwar-application/system.o
                0x0000000008006aac                exti_line1_irq
 .text.timer7_irq
                0x0000000008006ac8       0x24 build_Zomwar-application/system.o
                0x0000000008006ac8                timer7_irq
 .text.sys_ctrl_delay
                0x0000000008006aec        0xc build_Zomwar-application/system.o
                0x0000000008006aec                sys_ctrl_delay
 .text.sys_ctrl_millis
                0x0000000008006af8       0x1c build_Zomwar-application/system.o
                0x0000000008006af8                sys_ctrl_millis
 .text._init    0x0000000008006b14        0x2 build_Zomwar-application/system.o
                0x0000000008006b14                _init
 .text._fini    0x0000000008006b16        0x2 build_Zomwar-application/system.o
                0x0000000008006b16                _fini
 .text.sys_stack_count_init
                0x0000000008006b18       0x3c build_Zomwar-application/system.o
                0x0000000008006b18                sys_stack_count_init
 .text.reset_handler
                0x0000000008006b54       0xc8 build_Zomwar-application/system.o
                0x0000000008006b54                reset_handler
 .text.sys_stack_usage
                0x0000000008006c1c       0x20 build_Zomwar-application/system.o
                0x0000000008006c1c                sys_stack_usage
 .text.sys_stack_get_size
                0x0000000008006c3c        0xc build_Zomwar-application/system.o
                0x0000000008006c3c                sys_stack_get_size
 .text.sys_ctrl_shell_put_char_block
                0x0000000008006c48       0x2c build_Zomwar-application/sys_cfg.o
                0x0000000008006c48                sys_ctrl_shell_put_char_block
 .text.sys_cfg_clock
                0x0000000008006c74       0x22 build_Zomwar-application/sys_cfg.o
                0x0000000008006c74                sys_cfg_clock
 *fill*         0x0000000008006c96        0x2 
 .text.sys_cfg_tick
                0x0000000008006c98       0x50 build_Zomwar-application/sys_cfg.o
                0x0000000008006c98                sys_cfg_tick
 .text.sys_cfg_svc
                0x0000000008006ce8       0x30 build_Zomwar-application/sys_cfg.o
                0x0000000008006ce8                sys_cfg_svc
 .text.sys_cfg_pendsv
                0x0000000008006d18       0x34 build_Zomwar-application/sys_cfg.o
                0x0000000008006d18                sys_cfg_pendsv
 .text.sys_cfg_update_info
                0x0000000008006d4c      0x108 build_Zomwar-application/sys_cfg.o
                0x0000000008006d4c                sys_cfg_update_info
 .text.sys_ctrl_shell_sw_to_block
                0x0000000008006e54       0x38 build_Zomwar-application/sys_cfg.o
                0x0000000008006e54                sys_ctrl_shell_sw_to_block
 .text.sys_cfg_console
                0x0000000008006e8c       0xd8 build_Zomwar-application/sys_cfg.o
                0x0000000008006e8c                sys_cfg_console
 .text.sys_ctrl_shell_get_char
                0x0000000008006f64       0x34 build_Zomwar-application/sys_cfg.o
                0x0000000008006f64                sys_ctrl_shell_get_char
 .text.sys_ctrl_reset
                0x0000000008006f98       0x20 build_Zomwar-application/sys_cfg.o
                0x0000000008006f98                sys_ctrl_reset
 .text.sys_ctrl_delay_us
                0x0000000008006fb8       0x58 build_Zomwar-application/sys_cfg.o
                0x0000000008006fb8                sys_ctrl_delay_us
 .text.sys_ctrl_delay_ms
                0x0000000008007010       0x1e build_Zomwar-application/sys_cfg.o
                0x0000000008007010                sys_ctrl_delay_ms
 .text.sys_ctrl_independent_watchdog_init
                0x000000000800702e       0x24 build_Zomwar-application/sys_cfg.o
                0x000000000800702e                sys_ctrl_independent_watchdog_init
 .text.sys_ctrl_independent_watchdog_reset
                0x0000000008007052       0x12 build_Zomwar-application/sys_cfg.o
                0x0000000008007052                sys_ctrl_independent_watchdog_reset
 .text.sys_ctrl_soft_watchdog_init
                0x0000000008007064       0x68 build_Zomwar-application/sys_cfg.o
                0x0000000008007064                sys_ctrl_soft_watchdog_init
 .text.sys_ctrl_soft_watchdog_reset
                0x00000000080070cc       0x18 build_Zomwar-application/sys_cfg.o
                0x00000000080070cc                sys_ctrl_soft_watchdog_reset
 .text.sys_ctrl_soft_watchdog_increase_counter
                0x00000000080070e4       0x40 build_Zomwar-application/sys_cfg.o
                0x00000000080070e4                sys_ctrl_soft_watchdog_increase_counter
 .text.sys_ctrl_get_firmware_info
                0x0000000008007124       0x40 build_Zomwar-application/sys_cfg.o
                0x0000000008007124                sys_ctrl_get_firmware_info
 .text.task_irq_io_entry_trigger
                0x0000000008007164        0x2 build_Zomwar-application/sys_cfg.o
                0x0000000008007164                task_irq_io_entry_trigger
 .text.task_irq_io_exit_trigger
                0x0000000008007166        0x2 build_Zomwar-application/sys_cfg.o
                0x0000000008007166                task_irq_io_exit_trigger
 .text.io_button_mode_init
                0x0000000008007168       0x28 build_Zomwar-application/io_cfg.o
                0x0000000008007168                io_button_mode_init
 .text.io_button_up_init
                0x0000000008007190       0x28 build_Zomwar-application/io_cfg.o
                0x0000000008007190                io_button_up_init
 .text.io_button_down_init
                0x00000000080071b8       0x28 build_Zomwar-application/io_cfg.o
                0x00000000080071b8                io_button_down_init
 .text.io_button_mode_read
                0x00000000080071e0        0xc build_Zomwar-application/io_cfg.o
                0x00000000080071e0                io_button_mode_read
 .text.io_button_up_read
                0x00000000080071ec       0x10 build_Zomwar-application/io_cfg.o
                0x00000000080071ec                io_button_up_read
 .text.io_button_down_read
                0x00000000080071fc        0xc build_Zomwar-application/io_cfg.o
                0x00000000080071fc                io_button_down_read
 .text.led_life_init
                0x0000000008007208       0x28 build_Zomwar-application/io_cfg.o
                0x0000000008007208                led_life_init
 .text.led_life_on
                0x0000000008007230       0x10 build_Zomwar-application/io_cfg.o
                0x0000000008007230                led_life_on
 .text.led_life_off
                0x0000000008007240       0x10 build_Zomwar-application/io_cfg.o
                0x0000000008007240                led_life_off
 .text.flash_io_ctrl_init
                0x0000000008007250       0x28 build_Zomwar-application/io_cfg.o
                0x0000000008007250                flash_io_ctrl_init
 .text.flash_cs_low
                0x0000000008007278       0x10 build_Zomwar-application/io_cfg.o
                0x0000000008007278                flash_cs_low
 .text.flash_cs_high
                0x0000000008007288       0x10 build_Zomwar-application/io_cfg.o
                0x0000000008007288                flash_cs_high
 .text.flash_transfer
                0x0000000008007298       0x98 build_Zomwar-application/io_cfg.o
                0x0000000008007298                flash_transfer
 .text.io_cfg_adc1
                0x0000000008007330       0x48 build_Zomwar-application/io_cfg.o
                0x0000000008007330                io_cfg_adc1
 .text.adc_bat_io_cfg
                0x0000000008007378       0x2c build_Zomwar-application/io_cfg.o
                0x0000000008007378                adc_bat_io_cfg
 .text.oled_clk_input_mode
                0x00000000080073a4       0x28 build_Zomwar-application/io_cfg.o
                0x00000000080073a4                oled_clk_input_mode
 .text.oled_clk_output_mode
                0x00000000080073cc       0x28 build_Zomwar-application/io_cfg.o
                0x00000000080073cc                oled_clk_output_mode
 .text.oled_clk_digital_write_low
                0x00000000080073f4       0x10 build_Zomwar-application/io_cfg.o
                0x00000000080073f4                oled_clk_digital_write_low
 .text.oled_clk_digital_write_high
                0x0000000008007404       0x10 build_Zomwar-application/io_cfg.o
                0x0000000008007404                oled_clk_digital_write_high
 .text.oled_data_input_mode
                0x0000000008007414       0x28 build_Zomwar-application/io_cfg.o
                0x0000000008007414                oled_data_input_mode
 .text.oled_data_output_mode
                0x000000000800743c       0x28 build_Zomwar-application/io_cfg.o
                0x000000000800743c                oled_data_output_mode
 .text.oled_data_digital_write_low
                0x0000000008007464       0x10 build_Zomwar-application/io_cfg.o
                0x0000000008007464                oled_data_digital_write_low
 .text.oled_data_digital_write_high
                0x0000000008007474       0x10 build_Zomwar-application/io_cfg.o
                0x0000000008007474                oled_data_digital_write_high
 .text.oled_res_input_mode
                0x0000000008007484       0x28 build_Zomwar-application/io_cfg.o
                0x0000000008007484                oled_res_input_mode
 .text.oled_res_output_mode
                0x00000000080074ac       0x28 build_Zomwar-application/io_cfg.o
                0x00000000080074ac                oled_res_output_mode
 .text.oled_res_digital_write_low
                0x00000000080074d4       0x10 build_Zomwar-application/io_cfg.o
                0x00000000080074d4                oled_res_digital_write_low
 .text.oled_res_digital_write_high
                0x00000000080074e4       0x10 build_Zomwar-application/io_cfg.o
                0x00000000080074e4                oled_res_digital_write_high
 .text.io_eeprom_read
                0x00000000080074f4       0x34 build_Zomwar-application/io_cfg.o
                0x00000000080074f4                io_eeprom_read
 .text.io_eeprom_write
                0x0000000008007528       0x48 build_Zomwar-application/io_cfg.o
                0x0000000008007528                io_eeprom_write
 .text.io_eeprom_erase
                0x0000000008007570       0x4c build_Zomwar-application/io_cfg.o
                0x0000000008007570                io_eeprom_erase
 .text.internal_flash_unlock
                0x00000000080075bc       0x12 build_Zomwar-application/io_cfg.o
                0x00000000080075bc                internal_flash_unlock
 .text.internal_flash_lock
                0x00000000080075ce        0x4 build_Zomwar-application/io_cfg.o
                0x00000000080075ce                internal_flash_lock
 .text.internal_flash_erase_pages_cal
                0x00000000080075d2       0x24 build_Zomwar-application/io_cfg.o
                0x00000000080075d2                internal_flash_erase_pages_cal
 .text.internal_flash_write_cal
                0x00000000080075f6       0x48 build_Zomwar-application/io_cfg.o
                0x00000000080075f6                internal_flash_write_cal
 *fill*         0x000000000800763e        0x2 
 .text.io_uart2_cfg
                0x0000000008007640       0xbc build_Zomwar-application/io_cfg.o
                0x0000000008007640                io_uart2_cfg
 .text.io_rs485_dir_low
                0x00000000080076fc        0xc build_Zomwar-application/io_cfg.o
                0x00000000080076fc                io_rs485_dir_low
 .text.SystemInit
                0x0000000008007708      0x114 build_Zomwar-application/system_stm32l1xx.o
                0x0000000008007708                SystemInit
 .text.SystemCoreClockUpdate
                0x000000000800781c       0x88 build_Zomwar-application/system_stm32l1xx.o
                0x000000000800781c                SystemCoreClockUpdate
 .text._Z21zw_game_gunner_handleP8ak_msg_t
                0x00000000080078a4       0xd4 build_Zomwar-application/zw_game_gunner.o
                0x00000000080078a4                zw_game_gunner_handle(ak_msg_t*)
 .text._Z21zw_game_bullet_handleP8ak_msg_t
                0x0000000008007978       0xe0 build_Zomwar-application/zw_game_bullet.o
                0x0000000008007978                zw_game_bullet_handle(ak_msg_t*)
 .text._Z15bang_alloc_slotv
                0x0000000008007a58       0x3c build_Zomwar-application/zw_game_bang.o
                0x0000000008007a58                bang_alloc_slot()
 .text._Z19zw_game_bang_handleP8ak_msg_t
                0x0000000008007a94       0xa0 build_Zomwar-application/zw_game_bang.o
                0x0000000008007a94                zw_game_bang_handle(ak_msg_t*)
 .text._Z21zw_game_border_handleP8ak_msg_t
                0x0000000008007b34       0xd8 build_Zomwar-application/zw_game_border.o
                0x0000000008007b34                zw_game_border_handle(ak_msg_t*)
 .text._ZL27spawn_zombie_from_tombstonehh
                0x0000000008007c0c       0x3c build_Zomwar-application/zw_game_zombie.o
 .text._ZL12spawn_zombieh
                0x0000000008007c48       0x68 build_Zomwar-application/zw_game_zombie.o
 .text._Z21zw_game_zombie_handleP8ak_msg_t
                0x0000000008007cb0      0x3e8 build_Zomwar-application/zw_game_zombie.o
                0x0000000008007cb0                zw_game_zombie_handle(ak_msg_t*)
 .text._Z18zw_game_car_handleP8ak_msg_t
                0x0000000008008098      0x260 build_Zomwar-application/zw_game_car.o
                0x0000000008008098                zw_game_car_handle(ak_msg_t*)
 .text._ZL13view_scr_idlev
                0x00000000080082f8       0x34 build_Zomwar-application/scr_idle.o
 .text._ZN4ballC2Ev
                0x000000000800832c       0x5e build_Zomwar-application/scr_idle.o
                0x000000000800832c                ball::ball()
                0x000000000800832c                ball::ball()
 *fill*         0x000000000800838a        0x2 
 .text._ZNSt6vectorI4ballSaIS0_EE17_M_realloc_insertIJRKS0_EEEvN9__gnu_cxx17__normal_iteratorIPS0_S2_EEDpOT_
                0x000000000800838c      0x110 build_Zomwar-application/scr_idle.o
                0x000000000800838c                void std::vector<ball, std::allocator<ball> >::_M_realloc_insert<ball const&>(__gnu_cxx::__normal_iterator<ball*, std::vector<ball, std::allocator<ball> > >, ball const&)
 .text._ZNSt6vectorI4ballSaIS0_EE9push_backERKS0_
                0x000000000800849c       0x2c build_Zomwar-application/scr_idle.o
                0x000000000800849c                std::vector<ball, std::allocator<ball> >::push_back(ball const&)
 .text._Z15scr_idle_handleP8ak_msg_t
                0x00000000080084c8      0x19c build_Zomwar-application/scr_idle.o
                0x00000000080084c8                scr_idle_handle(ak_msg_t*)
 .text.startup._GLOBAL__sub_I_dyn_view_idle
                0x0000000008008664       0x10 build_Zomwar-application/scr_idle.o
 .text.exit._GLOBAL__sub_D_dyn_view_idle
                0x0000000008008674       0x10 build_Zomwar-application/scr_idle.o
 .text._ZL16view_scr_startupv
                0x0000000008008684       0xa4 build_Zomwar-application/scr_startup.o
 .text._Z18scr_startup_handleP8ak_msg_t
                0x0000000008008728       0x7c build_Zomwar-application/scr_startup.o
                0x0000000008008728                scr_startup_handle(ak_msg_t*)
 .text._Z25update_menu_screen_chossev
                0x00000000080087a4       0x74 build_Zomwar-application/scr_menu_game.o
                0x00000000080087a4                update_menu_screen_chosse()
 .text._Z16screen_tran_menuv
                0x0000000008008818       0x50 build_Zomwar-application/scr_menu_game.o
                0x0000000008008818                screen_tran_menu()
 .text.startup._GLOBAL__sub_I_menu_items_icon_size_w
                0x0000000008008868        0xc build_Zomwar-application/scr_menu_game.o
 .text._ZL18view_scr_menu_gamev
                0x0000000008008874      0x124 build_Zomwar-application/scr_menu_game.o
 .text._Z20scr_menu_game_handleP8ak_msg_t
                0x0000000008008998      0x138 build_Zomwar-application/scr_menu_game.o
                0x0000000008008998                scr_menu_game_handle(ak_msg_t*)
 .text._Z23scr_game_setting_handleP8ak_msg_t
                0x0000000008008ad0      0x118 build_Zomwar-application/scr_game_setting.o
                0x0000000008008ad0                scr_game_setting_handle(ak_msg_t*)
 .text._ZL21view_scr_game_settingv
                0x0000000008008be8      0x1e8 build_Zomwar-application/scr_game_setting.o
 .text._Z23scr_car_position_handleP8ak_msg_t
                0x0000000008008dd0       0xe8 build_Zomwar-application/scr_car_position.o
                0x0000000008008dd0                scr_car_position_handle(ak_msg_t*)
 .text._ZL21view_scr_car_positionv
                0x0000000008008eb8      0x114 build_Zomwar-application/scr_car_position.o
 .text._Z26scr_tombstone_count_handleP8ak_msg_t
                0x0000000008008fcc      0x12c build_Zomwar-application/scr_tombstone_count.o
                0x0000000008008fcc                scr_tombstone_count_handle(ak_msg_t*)
 .text._ZL24view_scr_tombstone_countv
                0x00000000080090f8      0x110 build_Zomwar-application/scr_tombstone_count.o
 .text._Z22zw_game_gunner_displayv
                0x0000000008009208       0x44 build_Zomwar-application/scr_zomwar_game.o
                0x0000000008009208                zw_game_gunner_display()
 .text._Z22zw_game_bullet_displayv
                0x000000000800924c       0x48 build_Zomwar-application/scr_zomwar_game.o
                0x000000000800924c                zw_game_bullet_display()
 .text._Z22zw_game_zombie_displayv
                0x0000000008009294       0x80 build_Zomwar-application/scr_zomwar_game.o
                0x0000000008009294                zw_game_zombie_display()
 .text._Z20zw_game_bang_displayv
                0x0000000008009314       0x88 build_Zomwar-application/scr_zomwar_game.o
                0x0000000008009314                zw_game_bang_display()
 .text._Z19zw_game_car_displayv
                0x000000000800939c       0x80 build_Zomwar-application/scr_zomwar_game.o
                0x000000000800939c                zw_game_car_display()
 .text._Z25zw_game_tombstone_displayv
                0x000000000800941c       0x50 build_Zomwar-application/scr_zomwar_game.o
                0x000000000800941c                zw_game_tombstone_display()
 .text._Z23zw_game_warning_displayv
                0x000000000800946c       0x44 build_Zomwar-application/scr_zomwar_game.o
                0x000000000800946c                zw_game_warning_display()
 .text._Z19zw_game_level_setupv
                0x00000000080094b0       0x10 build_Zomwar-application/scr_zomwar_game.o
                0x00000000080094b0                zw_game_level_setup()
 .text._Z23zw_game_time_tick_setupv
                0x00000000080094c0        0xc build_Zomwar-application/scr_zomwar_game.o
                0x00000000080094c0                zw_game_time_tick_setup()
 .text._Z28zw_game_save_and_reset_scorev
                0x00000000080094cc       0x10 build_Zomwar-application/scr_zomwar_game.o
                0x00000000080094cc                zw_game_save_and_reset_score()
 .text._Z18scr_zw_game_handleP8ak_msg_t
                0x00000000080094dc      0x24c build_Zomwar-application/scr_zomwar_game.o
                0x00000000080094dc                scr_zw_game_handle(ak_msg_t*)
 .text._Z21zw_game_frame_displayv
                0x0000000008009728       0x9c build_Zomwar-application/scr_zomwar_game.o
                0x0000000008009728                zw_game_frame_display()
 .text._Z21zw_game_grass_displayv
                0x00000000080097c4       0x88 build_Zomwar-application/scr_zomwar_game.o
                0x00000000080097c4                zw_game_grass_display()
 .text._ZL20view_scr_zomwar_gamev
                0x000000000800984c      0x11c build_Zomwar-application/scr_zomwar_game.o
 .text._ZL18view_scr_game_overv
                0x0000000008009968      0x1e8 build_Zomwar-application/scr_game_over.o
 .text._Z20scr_game_over_handleP8ak_msg_t
                0x0000000008009b50       0xe8 build_Zomwar-application/scr_game_over.o
                0x0000000008009b50                scr_game_over_handle(ak_msg_t*)
 .text._ZL20view_scr_charts_gamev
                0x0000000008009c38      0x210 build_Zomwar-application/scr_charts_game.o
 .text._Z22scr_charts_game_handleP8ak_msg_t
                0x0000000008009e48      0x168 build_Zomwar-application/scr_charts_game.o
                0x0000000008009e48                scr_charts_game_handle(ak_msg_t*)
 .text.main_app
                0x0000000008009fb0      0x1b0 build_Zomwar-application/app.o
                0x0000000008009fb0                main_app
 .text._Z20task_polling_consolev
                0x000000000800a160       0xd8 build_Zomwar-application/app.o
                0x000000000800a160                task_polling_console()
 .text.sys_irq_timer_10ms
                0x000000000800a238       0x24 build_Zomwar-application/app.o
                0x000000000800a238                sys_irq_timer_10ms
 .text._Z17btn_mode_callbackPv
                0x000000000800a25c       0x30 build_Zomwar-application/app_bsp.o
                0x000000000800a25c                btn_mode_callback(void*)
 .text._Z15btn_up_callbackPv
                0x000000000800a28c       0x30 build_Zomwar-application/app_bsp.o
                0x000000000800a28c                btn_up_callback(void*)
 .text._Z17btn_down_callbackPv
                0x000000000800a2bc       0x30 build_Zomwar-application/app_bsp.o
                0x000000000800a2bc                btn_down_callback(void*)
 .text._ZL19str_parser_get_attrh
                0x000000000800a2ec       0x1c build_Zomwar-application/shell.o
 .text._Z11shell_resetPh
                0x000000000800a308       0x10 build_Zomwar-application/shell.o
                0x000000000800a308                shell_reset(unsigned char*)
 .text._Z10shell_helpPh
                0x000000000800a318       0x30 build_Zomwar-application/shell.o
                0x000000000800a318                shell_help(unsigned char*)
 .text._Z12shell_rebootPh
                0x000000000800a348       0x10 build_Zomwar-application/shell.o
                0x000000000800a348                shell_reboot(unsigned char*)
 .text._Z9shell_fwuPh
                0x000000000800a358       0x34 build_Zomwar-application/shell.o
                0x000000000800a358                shell_fwu(unsigned char*)
 .text._Z10shell_bootPh
                0x000000000800a38c       0xdc build_Zomwar-application/shell.o
                0x000000000800a38c                shell_boot(unsigned char*)
 .text._ZL10str_parserPc
                0x000000000800a468       0x60 build_Zomwar-application/shell.o
 .text._Z11shell_fatalPh
                0x000000000800a4c8      0x2f4 build_Zomwar-application/shell.o
                0x000000000800a4c8                shell_fatal(unsigned char*)
 .text._Z11shell_flashPh
                0x000000000800a7bc      0x150 build_Zomwar-application/shell.o
                0x000000000800a7bc                shell_flash(unsigned char*)
 .text._Z9shell_epsPh
                0x000000000800a90c       0xd0 build_Zomwar-application/shell.o
                0x000000000800a90c                shell_eps(unsigned char*)
 .text._Z9shell_ramPh
                0x000000000800a9dc      0x20c build_Zomwar-application/shell.o
                0x000000000800a9dc                shell_ram(unsigned char*)
 .text._Z12shell_buzzerPh
                0x000000000800abe8       0xb4 build_Zomwar-application/shell.o
                0x000000000800abe8                shell_buzzer(unsigned char*)
 .text._Z9shell_lcdPh
                0x000000000800ac9c      0x15c build_Zomwar-application/shell.o
                0x000000000800ac9c                shell_lcd(unsigned char*)
 .text.sys_irq_shell
                0x000000000800adf8       0x2c build_Zomwar-application/task_shell.o
                0x000000000800adf8                sys_irq_shell
 .text._Z10task_shellP8ak_msg_t
                0x000000000800ae24       0x7c build_Zomwar-application/task_shell.o
                0x000000000800ae24                task_shell(ak_msg_t*)
 .text._Z9task_lifeP8ak_msg_t
                0x000000000800aea0       0x20 build_Zomwar-application/task_life.o
                0x000000000800aea0                task_life(ak_msg_t*)
 .text._Z7task_fwP8ak_msg_t
                0x000000000800aec0      0x490 build_Zomwar-application/task_fw.o
                0x000000000800aec0                task_fw(ak_msg_t*)
 .text._Z12task_displayP8ak_msg_t
                0x000000000800b350        0x4 build_Zomwar-application/task_display.o
                0x000000000800b350                task_display(ak_msg_t*)
 .text._Z7task_ifP8ak_msg_t
                0x000000000800b354       0x98 build_Zomwar-application/task_if.o
                0x000000000800b354                task_if(ak_msg_t*)
 .text._Z12task_uart_ifP8ak_msg_t
                0x000000000800b3ec       0xc0 build_Zomwar-application/task_uart_if.o
                0x000000000800b3ec                task_uart_if(ak_msg_t*)
 .text._ZL19view_render_dynamicPv
                0x000000000800b4ac        0xa build_Zomwar-application/view_render.o
 *fill*         0x000000000800b4b6        0x2 
 .text._Z22view_render_display_onv
                0x000000000800b4b8        0xc build_Zomwar-application/view_render.o
                0x000000000800b4b8                view_render_display_on()
 .text.startup._GLOBAL__sub_I_view_render
                0x000000000800b4c4        0xc build_Zomwar-application/view_render.o
 .text.exit._GLOBAL__sub_D_view_render
                0x000000000800b4d0        0xc build_Zomwar-application/view_render.o
 .text._Z18view_render_screenP13view_screen_t
                0x000000000800b4dc       0x68 build_Zomwar-application/view_render.o
                0x000000000800b4dc                view_render_screen(view_screen_t*)
 .text._ZL21view_render_rectanglePv
                0x000000000800b544       0xe8 build_Zomwar-application/view_render.o
 .text._Z12scr_mng_ctorP9scr_mng_tPFvP8ak_msg_tEP13view_screen_t
                0x000000000800b62c       0x20 build_Zomwar-application/screen_manager.o
                0x000000000800b62c                scr_mng_ctor(scr_mng_t*, void (*)(ak_msg_t*), view_screen_t*)
 .text._Z16scr_mng_dispatchP8ak_msg_t
                0x000000000800b64c       0x48 build_Zomwar-application/screen_manager.o
                0x000000000800b64c                scr_mng_dispatch(ak_msg_t*)
 .text._Z12scr_mng_tranPFvP8ak_msg_tEP13view_screen_t
                0x000000000800b694       0x44 build_Zomwar-application/screen_manager.o
                0x000000000800b694                scr_mng_tran(void (*)(ak_msg_t*), view_screen_t*)
 .text._Z39scr_mng_contain_screen_none_update_markv
                0x000000000800b6d8        0xc build_Zomwar-application/screen_manager.o
                0x000000000800b6d8                scr_mng_contain_screen_none_update_mark()
 .text._ZN12Adafruit_GFX8drawLineEsssst
                0x000000000800b6e4       0xbe build_Zomwar-application/Adafruit_GFX.o
                0x000000000800b6e4                Adafruit_GFX::drawLine(short, short, short, short, unsigned short)
 .text._ZN12Adafruit_GFX8drawRectEsssst
                0x000000000800b7a2       0x68 build_Zomwar-application/Adafruit_GFX.o
                0x000000000800b7a2                Adafruit_GFX::drawRect(short, short, short, short, unsigned short)
 .text._ZN12Adafruit_GFX13drawFastVLineEssst
                0x000000000800b80a       0x1c build_Zomwar-application/Adafruit_GFX.o
                0x000000000800b80a                Adafruit_GFX::drawFastVLine(short, short, short, unsigned short)
 .text._ZN12Adafruit_GFX13drawFastHLineEssst
                0x000000000800b826       0x1a build_Zomwar-application/Adafruit_GFX.o
                0x000000000800b826                Adafruit_GFX::drawFastHLine(short, short, short, unsigned short)
 .text._ZN12Adafruit_GFX8fillRectEsssst
                0x000000000800b840       0x38 build_Zomwar-application/Adafruit_GFX.o
                0x000000000800b840                Adafruit_GFX::fillRect(short, short, short, short, unsigned short)
 .text._ZN12Adafruit_GFX10fillScreenEt
                0x000000000800b878       0x1c build_Zomwar-application/Adafruit_GFX.o
                0x000000000800b878                Adafruit_GFX::fillScreen(unsigned short)
 .text._ZN12Adafruit_GFXC2Ess
                0x000000000800b894       0x28 build_Zomwar-application/Adafruit_GFX.o
                0x000000000800b894                Adafruit_GFX::Adafruit_GFX(short, short)
                0x000000000800b894                Adafruit_GFX::Adafruit_GFX(short, short)
 .text._ZN12Adafruit_GFX10drawCircleEssst
                0x000000000800b8bc      0x172 build_Zomwar-application/Adafruit_GFX.o
                0x000000000800b8bc                Adafruit_GFX::drawCircle(short, short, short, unsigned short)
 .text._ZN12Adafruit_GFX16drawCircleHelperEsssht
                0x000000000800ba2e      0x17a build_Zomwar-application/Adafruit_GFX.o
                0x000000000800ba2e                Adafruit_GFX::drawCircleHelper(short, short, short, unsigned char, unsigned short)
 .text._ZN12Adafruit_GFX16fillCircleHelperEssshst
                0x000000000800bba8      0x124 build_Zomwar-application/Adafruit_GFX.o
                0x000000000800bba8                Adafruit_GFX::fillCircleHelper(short, short, short, unsigned char, short, unsigned short)
 .text._ZN12Adafruit_GFX13drawRoundRectEssssst
                0x000000000800bccc      0x10e build_Zomwar-application/Adafruit_GFX.o
                0x000000000800bccc                Adafruit_GFX::drawRoundRect(short, short, short, short, short, unsigned short)
 .text._ZN12Adafruit_GFX13fillRoundRectEssssst
                0x000000000800bdda       0x88 build_Zomwar-application/Adafruit_GFX.o
                0x000000000800bdda                Adafruit_GFX::fillRoundRect(short, short, short, short, short, unsigned short)
 .text._ZN12Adafruit_GFX10drawBitmapEssPKhsst
                0x000000000800be62       0x92 build_Zomwar-application/Adafruit_GFX.o
                0x000000000800be62                Adafruit_GFX::drawBitmap(short, short, unsigned char const*, short, short, unsigned short)
 .text._ZN12Adafruit_GFX8drawCharEsshtth
                0x000000000800bef4      0x108 build_Zomwar-application/Adafruit_GFX.o
                0x000000000800bef4                Adafruit_GFX::drawChar(short, short, unsigned char, unsigned short, unsigned short, unsigned char)
 .text._ZN12Adafruit_GFX5writeEh
                0x000000000800bffc       0x64 build_Zomwar-application/Adafruit_GFX.o
                0x000000000800bffc                Adafruit_GFX::write(unsigned char)
 .text._ZN12Adafruit_GFX9setCursorEss
                0x000000000800c060        0x6 build_Zomwar-application/Adafruit_GFX.o
                0x000000000800c060                Adafruit_GFX::setCursor(short, short)
 .text._ZN12Adafruit_GFX11setTextSizeEh
                0x000000000800c066        0xa build_Zomwar-application/Adafruit_GFX.o
                0x000000000800c066                Adafruit_GFX::setTextSize(unsigned char)
 .text._ZN12Adafruit_GFX12setTextColorEt
                0x000000000800c070        0x6 build_Zomwar-application/Adafruit_GFX.o
                0x000000000800c070                Adafruit_GFX::setTextColor(unsigned short)
 .text._ZN12Adafruit_GFX5widthEv
                0x000000000800c076        0x6 build_Zomwar-application/Adafruit_GFX.o
                0x000000000800c076                Adafruit_GFX::width()
 .text._ZN12Adafruit_GFX6heightEv
                0x000000000800c07c        0x6 build_Zomwar-application/Adafruit_GFX.o
                0x000000000800c07c                Adafruit_GFX::height()
 .text._ZN17Adafruit_oled_drv9updateRowEii
                0x000000000800c082       0x1e build_Zomwar-application/Adafruit_oled_drv.o
                0x000000000800c082                Adafruit_oled_drv::updateRow(int, int)
 .text._ZN17Adafruit_oled_drv9drawPixelEsst
                0x000000000800c0a0       0x52 build_Zomwar-application/Adafruit_oled_drv.o
                0x000000000800c0a0                Adafruit_oled_drv::drawPixel(short, short, unsigned short)
 *fill*         0x000000000800c0f2        0x2 
 .text._ZN17Adafruit_oled_drvC2Ev
                0x000000000800c0f4       0x28 build_Zomwar-application/Adafruit_oled_drv.o
                0x000000000800c0f4                Adafruit_oled_drv::Adafruit_oled_drv()
                0x000000000800c0f4                Adafruit_oled_drv::Adafruit_oled_drv()
 .text._ZN17Adafruit_oled_drvD2Ev
                0x000000000800c11c        0x2 build_Zomwar-application/Adafruit_oled_drv.o
                0x000000000800c11c                Adafruit_oled_drv::~Adafruit_oled_drv()
                0x000000000800c11c                Adafruit_oled_drv::~Adafruit_oled_drv()
 .text._ZN17Adafruit_oled_drv5clearEb
                0x000000000800c11e       0x22 build_Zomwar-application/Adafruit_oled_drv.o
                0x000000000800c11e                Adafruit_oled_drv::clear(bool)
 .text._ZN17Adafruit_oled_drv9writeByteEh
                0x000000000800c140       0x54 build_Zomwar-application/Adafruit_oled_drv.o
                0x000000000800c140                Adafruit_oled_drv::writeByte(unsigned char)
 .text._ZN17Adafruit_oled_drv8startIICEv
                0x000000000800c194       0x2c build_Zomwar-application/Adafruit_oled_drv.o
                0x000000000800c194                Adafruit_oled_drv::startIIC()
 .text._ZN17Adafruit_oled_drv7stopIICEv
                0x000000000800c1c0       0x2c build_Zomwar-application/Adafruit_oled_drv.o
                0x000000000800c1c0                Adafruit_oled_drv::stopIIC()
 .text._ZN17Adafruit_oled_drv12writeCommandEh
                0x000000000800c1ec       0x2c build_Zomwar-application/Adafruit_oled_drv.o
                0x000000000800c1ec                Adafruit_oled_drv::writeCommand(unsigned char)
 .text._ZN17Adafruit_oled_drv10initializeEv
                0x000000000800c218      0x120 build_Zomwar-application/Adafruit_oled_drv.o
                0x000000000800c218                Adafruit_oled_drv::initialize()
 .text._ZN17Adafruit_oled_drv10display_onEv
                0x000000000800c338        0x6 build_Zomwar-application/Adafruit_oled_drv.o
                0x000000000800c338                Adafruit_oled_drv::display_on()
 .text._ZN17Adafruit_oled_drv11display_offEv
                0x000000000800c33e        0x6 build_Zomwar-application/Adafruit_oled_drv.o
                0x000000000800c33e                Adafruit_oled_drv::display_off()
 .text._ZN17Adafruit_oled_drv17startDataSequenceEv
                0x000000000800c344       0x1c build_Zomwar-application/Adafruit_oled_drv.o
                0x000000000800c344                Adafruit_oled_drv::startDataSequence()
 .text._ZN17Adafruit_oled_drv6updateEv
                0x000000000800c360       0x4e build_Zomwar-application/Adafruit_oled_drv.o
                0x000000000800c360                Adafruit_oled_drv::update()
 .text._ZN17Adafruit_oled_drv9updateRowEi
                0x000000000800c3ae       0x6c build_Zomwar-application/Adafruit_oled_drv.o
                0x000000000800c3ae                Adafruit_oled_drv::updateRow(int)
 .text.eeprom_read
                0x000000000800c41a        0x4 build_Zomwar-application/eeprom.o
                0x000000000800c41a                eeprom_read
 .text.eeprom_write
                0x000000000800c41e        0x4 build_Zomwar-application/eeprom.o
                0x000000000800c41e                eeprom_write
 .text.eeprom_erase
                0x000000000800c422        0x4 build_Zomwar-application/eeprom.o
                0x000000000800c422                eeprom_erase
 .text._ZL19link_hal_write_byteh
                0x000000000800c426        0x2 build_Zomwar-application/link_hal.o
 .text._ZL17link_hal_rev_byteh
                0x000000000800c428        0x4 build_Zomwar-application/link_hal.o
 .text._Z23link_hal_reg_write_bytePFhhE
                0x000000000800c42c       0x28 build_Zomwar-application/link_hal.o
                0x000000000800c42c                link_hal_reg_write_byte(unsigned char (*)(unsigned char))
 .text._Z21link_hal_reg_rev_bytePFhhE
                0x000000000800c454       0x28 build_Zomwar-application/link_hal.o
                0x000000000800c454                link_hal_reg_rev_byte(unsigned char (*)(unsigned char))
 .text._ZL21fsm_link_state_handleP8ak_msg_t
                0x000000000800c47c      0x2b0 build_Zomwar-application/link.o
 .text._ZL19fsm_link_state_initP8ak_msg_t
                0x000000000800c72c       0x80 build_Zomwar-application/link.o
 .text._Z9task_linkP8ak_msg_t
                0x000000000800c7ac        0xc build_Zomwar-application/link.o
                0x000000000800c7ac                task_link(ak_msg_t*)
 .text._Z23link_init_state_machinev
                0x000000000800c7b8       0x2c build_Zomwar-application/link.o
                0x000000000800c7b8                link_init_state_machine()
 .text._ZL23link_mac_frame_send_reqv
                0x000000000800c7e4       0x3c build_Zomwar-application/link_mac.o
 .text._ZL23link_mac_frame_send_endv
                0x000000000800c820       0x34 build_Zomwar-application/link_mac.o
 .text._ZL28link_mac_frame_cals_checksumP16link_mac_frame_t.constprop.0
                0x000000000800c854       0x38 build_Zomwar-application/link_mac.o
 .text._Z25fsm_link_mac_state_handleP8ak_msg_t
                0x000000000800c88c      0x2b8 build_Zomwar-application/link_mac.o
                0x000000000800c88c                fsm_link_mac_state_handle(ak_msg_t*)
 .text._Z13task_link_macP8ak_msg_t
                0x000000000800cb44        0xc build_Zomwar-application/link_mac.o
                0x000000000800cb44                task_link_mac(ak_msg_t*)
 .text._Z23fsm_link_mac_state_initP8ak_msg_t
                0x000000000800cb50       0x88 build_Zomwar-application/link_mac.o
                0x000000000800cb50                fsm_link_mac_state_init(ak_msg_t*)
 .text._ZL26link_phy_frame_write_blockPhm
                0x000000000800cbd8       0x1c build_Zomwar-application/link_phy.o
 .text._ZL20link_phy_frame_writeP16link_phy_frame_t
                0x000000000800cbf4       0x1c build_Zomwar-application/link_phy.o
 .text._ZL28link_phy_frame_cals_checksumP16link_phy_frame_t
                0x000000000800cc10       0x38 build_Zomwar-application/link_phy.o
 .text._ZL25link_phy_frame_write_byteh
                0x000000000800cc48        0xc build_Zomwar-application/link_phy.o
 .text._ZL26ac_link_phy_frame_rev_byteh
                0x000000000800cc54      0x100 build_Zomwar-application/link_phy.o
 .text._ZL19link_phy_frame_sendv
                0x000000000800cd54       0x2c build_Zomwar-application/link_phy.o
 .text._Z25fsm_link_phy_state_handleP8ak_msg_t
                0x000000000800cd80      0x1f0 build_Zomwar-application/link_phy.o
                0x000000000800cd80                fsm_link_phy_state_handle(ak_msg_t*)
 .text._Z13task_link_phyP8ak_msg_t
                0x000000000800cf70        0xc build_Zomwar-application/link_phy.o
                0x000000000800cf70                task_link_phy(ak_msg_t*)
 .text._Z23fsm_link_phy_state_initP8ak_msg_t
                0x000000000800cf7c       0x90 build_Zomwar-application/link_phy.o
                0x000000000800cf7c                fsm_link_phy_state_init(ak_msg_t*)
 .text._Z26link_phy_get_send_frame_tov
                0x000000000800d00c       0x10 build_Zomwar-application/link_phy.o
                0x000000000800d00c                link_phy_get_send_frame_to()
 .text._Z13link_pdu_initv
                0x000000000800d01c       0x54 build_Zomwar-application/link_data.o
                0x000000000800d01c                link_pdu_init()
 .text._Z15link_pdu_mallocv
                0x000000000800d070       0x24 build_Zomwar-application/link_data.o
                0x000000000800d070                link_pdu_malloc()
 .text._Z12link_pdu_getm
                0x000000000800d094       0x3c build_Zomwar-application/link_data.o
                0x000000000800d094                link_pdu_get(unsigned long)
 .text._Z13link_pdu_freem
                0x000000000800d0d0       0x4c build_Zomwar-application/link_data.o
                0x000000000800d0d0                link_pdu_free(unsigned long)
 .text._Z17link_get_src_addrv
                0x000000000800d11c       0x18 build_Zomwar-application/link_data.o
                0x000000000800d11c                link_get_src_addr()
 .text._Z17link_get_des_addrv
                0x000000000800d134       0x18 build_Zomwar-application/link_data.o
                0x000000000800d134                link_get_des_addr()
 .text._Z7pinModehh
                0x000000000800d14c       0x84 build_Zomwar-application/wiring_digital.o
                0x000000000800d14c                pinMode(unsigned char, unsigned char)
 .text._Z12digitalWritehh
                0x000000000800d1d0       0x78 build_Zomwar-application/wiring_digital.o
                0x000000000800d1d0                digitalWrite(unsigned char, unsigned char)
 .text._ZN5Print5writeEPKhj
                0x000000000800d248       0x22 build_Zomwar-application/Print.o
                0x000000000800d248                Print::write(unsigned char const*, unsigned int)
 .text._ZN5Print5writeEPKc
                0x000000000800d26a       0x20 build_Zomwar-application/Print.o
                0x000000000800d26a                Print::write(char const*)
 .text._ZN5Print5printEPKc
                0x000000000800d28a        0x8 build_Zomwar-application/Print.o
                0x000000000800d28a                Print::print(char const*)
 .text._ZN5Print5printEc
                0x000000000800d292        0x6 build_Zomwar-application/Print.o
                0x000000000800d292                Print::print(char)
 .text._ZN5Print11printNumberEmh
                0x000000000800d298       0x3a build_Zomwar-application/Print.o
                0x000000000800d298                Print::printNumber(unsigned long, unsigned char)
 .text._ZN5Print5printEli.part.0
                0x000000000800d2d2       0x28 build_Zomwar-application/Print.o
 .text._ZN5Print5printEli
                0x000000000800d2fa       0x20 build_Zomwar-application/Print.o
                0x000000000800d2fa                Print::print(long, int)
 .text._ZN5Print5printEii
                0x000000000800d31a        0x4 build_Zomwar-application/Print.o
                0x000000000800d31a                Print::print(int, int)
 .text._ZN5Print5printEmi
                0x000000000800d31e       0x16 build_Zomwar-application/Print.o
                0x000000000800d31e                Print::print(unsigned long, int)
 .text._ZN5Print5printEhi
                0x000000000800d334        0x4 build_Zomwar-application/Print.o
                0x000000000800d334                Print::print(unsigned char, int)
 .text._ZN14HardwareSerial9availableEv
                0x000000000800d338        0xa build_Zomwar-application/HardwareSerial.o
                0x000000000800d338                HardwareSerial::available()
 .text._ZN14HardwareSerial4peekEv
                0x000000000800d342       0x14 build_Zomwar-application/HardwareSerial.o
                0x000000000800d342                HardwareSerial::peek()
 .text._ZN14HardwareSerial4readEv
                0x000000000800d356       0x20 build_Zomwar-application/HardwareSerial.o
                0x000000000800d356                HardwareSerial::read()
 .text._ZN14HardwareSerial5flushEv
                0x000000000800d376        0x2 build_Zomwar-application/HardwareSerial.o
                0x000000000800d376                HardwareSerial::flush()
 .text._ZN14HardwareSerial17availableForWriteEv
                0x000000000800d378       0x26 build_Zomwar-application/HardwareSerial.o
                0x000000000800d378                HardwareSerial::availableForWrite()
 .text._ZN14HardwareSerial5writeEh
                0x000000000800d39e       0x30 build_Zomwar-application/HardwareSerial.o
                0x000000000800d39e                HardwareSerial::write(unsigned char)
 *fill*         0x000000000800d3ce        0x2 
 .text._ZL20serial2_trigger_putcv
                0x000000000800d3d0       0x10 build_Zomwar-application/HardwareSerial2.o
 .text.startup._GLOBAL__sub_I_Serial2
                0x000000000800d3e0       0x34 build_Zomwar-application/HardwareSerial2.o
 .text._ZN8SPIClass9io_configEv
                0x000000000800d414       0x68 build_Zomwar-application/SPI.o
                0x000000000800d414                SPIClass::io_config()
 .text._ZN8SPIClass5beginEv
                0x000000000800d47c       0xd0 build_Zomwar-application/SPI.o
                0x000000000800d47c                SPIClass::begin()
 .text.startup._GLOBAL__sub_I__ZN8SPIClassC2Ev
                0x000000000800d54c       0x14 build_Zomwar-application/SPI.o
 .text._ZN7TwoWire9availableEv
                0x000000000800d560       0x14 build_Zomwar-application/Wire.o
                0x000000000800d560                TwoWire::available()
 .text._ZN7TwoWire4readEv
                0x000000000800d574       0x28 build_Zomwar-application/Wire.o
                0x000000000800d574                TwoWire::read()
 .text._ZN7TwoWire4peekEv
                0x000000000800d59c       0x24 build_Zomwar-application/Wire.o
                0x000000000800d59c                TwoWire::peek()
 .text._ZN7TwoWire5flushEv
                0x000000000800d5c0        0x2 build_Zomwar-application/Wire.o
                0x000000000800d5c0                TwoWire::flush()
 *fill*         0x000000000800d5c2        0x2 
 .text._ZN7TwoWire5writeEh
                0x000000000800d5c4       0x54 build_Zomwar-application/Wire.o
                0x000000000800d5c4                TwoWire::write(unsigned char)
 .text._ZN7TwoWire5writeEPKhj
                0x000000000800d618       0x34 build_Zomwar-application/Wire.o
                0x000000000800d618                TwoWire::write(unsigned char const*, unsigned int)
 .text.startup._GLOBAL__sub_I__ZN7TwoWire8rxBufferE
                0x000000000800d64c       0x1c build_Zomwar-application/Wire.o
 .text._Z12twi_transmitPKhh
                0x000000000800d668       0x44 build_Zomwar-application/twi.o
                0x000000000800d668                twi_transmit(unsigned char const*, unsigned char)
 .text.__cxa_pure_virtual
                0x000000000800d6ac       0x1c build_Zomwar-application/mini_cpp.o
                0x000000000800d6ac                __cxa_pure_virtual
 .text._Znwj    0x000000000800d6c8        0x4 build_Zomwar-application/mini_cpp.o
                0x000000000800d6c8                operator new(unsigned int)
 .text._ZdlPv   0x000000000800d6cc        0x4 build_Zomwar-application/mini_cpp.o
                0x000000000800d6cc                operator delete(void*)
 .text._sbrk    0x000000000800d6d0       0x1c build_Zomwar-application/mini_cpp.o
                0x000000000800d6d0                _sbrk
 .text.malloc   0x000000000800d6ec       0x10 /home/phuoc/Workspace/Tools/gcc-arm-none-eabi-10.3-2021.10-x86_64-linux/gcc-arm-none-eabi-10.3-2021.10/arm-none-eabi/lib/thumb/v7-m/nofp/libc.a(lib_a-malloc.o)
                0x000000000800d6ec                malloc
 .text.free     0x000000000800d6fc       0x10 /home/phuoc/Workspace/Tools/gcc-arm-none-eabi-10.3-2021.10-x86_64-linux/gcc-arm-none-eabi-10.3-2021.10/arm-none-eabi/lib/thumb/v7-m/nofp/libc.a(lib_a-malloc.o)
                0x000000000800d6fc                free
 .text._malloc_r
                0x000000000800d70c      0x558 /home/phuoc/Workspace/Tools/gcc-arm-none-eabi-10.3-2021.10-x86_64-linux/gcc-arm-none-eabi-10.3-2021.10/arm-none-eabi/lib/thumb/v7-m/nofp/libc.a(lib_a-mallocr.o)
                0x000000000800d70c                _malloc_r
 .text.memcmp   0x000000000800dc64       0x68 /home/phuoc/Workspace/Tools/gcc-arm-none-eabi-10.3-2021.10-x86_64-linux/gcc-arm-none-eabi-10.3-2021.10/arm-none-eabi/lib/thumb/v7-m/nofp/libc.a(lib_a-memcmp.o)
                0x000000000800dc64                memcmp
 .text.memset   0x000000000800dccc       0xa4 /home/phuoc/Workspace/Tools/gcc-arm-none-eabi-10.3-2021.10-x86_64-linux/gcc-arm-none-eabi-10.3-2021.10/arm-none-eabi/lib/thumb/v7-m/nofp/libc.a(lib_a-memset.o)
                0x000000000800dccc                memset
 .text.__malloc_lock
                0x000000000800dd70        0xc /home/phuoc/Workspace/Tools/gcc-arm-none-eabi-10.3-2021.10-x86_64-linux/gcc-arm-none-eabi-10.3-2021.10/arm-none-eabi/lib/thumb/v7-m/nofp/libc.a(lib_a-mlock.o)
                0x000000000800dd70                __malloc_lock
 .text.__malloc_unlock
                0x000000000800dd7c        0xc /home/phuoc/Workspace/Tools/gcc-arm-none-eabi-10.3-2021.10-x86_64-linux/gcc-arm-none-eabi-10.3-2021.10/arm-none-eabi/lib/thumb/v7-m/nofp/libc.a(lib_a-mlock.o)
                0x000000000800dd7c                __malloc_unlock
 .text.rand     0x000000000800dd88       0x38 /home/phuoc/Workspace/Tools/gcc-arm-none-eabi-10.3-2021.10-x86_64-linux/gcc-arm-none-eabi-10.3-2021.10/arm-none-eabi/lib/thumb/v7-m/nofp/libc.a(lib_a-rand.o)
                0x000000000800dd88                rand
 .text._sbrk_r  0x000000000800ddc0       0x24 /home/phuoc/Workspace/Tools/gcc-arm-none-eabi-10.3-2021.10-x86_64-linux/gcc-arm-none-eabi-10.3-2021.10/arm-none-eabi/lib/thumb/v7-m/nofp/libc.a(lib_a-sbrkr.o)
                0x000000000800ddc0                _sbrk_r
 .text.strcpy   0x000000000800dde4       0xbc /home/phuoc/Workspace/Tools/gcc-arm-none-eabi-10.3-2021.10-x86_64-linux/gcc-arm-none-eabi-10.3-2021.10/arm-none-eabi/lib/thumb/v7-m/nofp/libc.a(lib_a-strcpy.o)
                0x000000000800dde4                strcpy
 .text.strlen   0x000000000800dea0       0x5c /home/phuoc/Workspace/Tools/gcc-arm-none-eabi-10.3-2021.10-x86_64-linux/gcc-arm-none-eabi-10.3-2021.10/arm-none-eabi/lib/thumb/v7-m/nofp/libc.a(lib_a-strlen-stub.o)
                0x000000000800dea0                strlen
 .text._strtol_l.part.0
                0x000000000800defc      0x120 /home/phuoc/Workspace/Tools/gcc-arm-none-eabi-10.3-2021.10-x86_64-linux/gcc-arm-none-eabi-10.3-2021.10/arm-none-eabi/lib/thumb/v7-m/nofp/libc.a(lib_a-strtol.o)
 .text.strtol   0x000000000800e01c       0x2c /home/phuoc/Workspace/Tools/gcc-arm-none-eabi-10.3-2021.10-x86_64-linux/gcc-arm-none-eabi-10.3-2021.10/arm-none-eabi/lib/thumb/v7-m/nofp/libc.a(lib_a-strtol.o)
                0x000000000800e01c                strtol
 .text.__errno  0x000000000800e048        0xc /home/phuoc/Workspace/Tools/gcc-arm-none-eabi-10.3-2021.10-x86_64-linux/gcc-arm-none-eabi-10.3-2021.10/arm-none-eabi/lib/thumb/v7-m/nofp/libc.a(lib_a-errno.o)
                0x000000000800e048                __errno
 .text._malloc_trim_r
                0x000000000800e054       0xa0 /home/phuoc/Workspace/Tools/gcc-arm-none-eabi-10.3-2021.10-x86_64-linux/gcc-arm-none-eabi-10.3-2021.10/arm-none-eabi/lib/thumb/v7-m/nofp/libc.a(lib_a-freer.o)
                0x000000000800e054                _malloc_trim_r
 .text._free_r  0x000000000800e0f4      0x200 /home/phuoc/Workspace/Tools/gcc-arm-none-eabi-10.3-2021.10-x86_64-linux/gcc-arm-none-eabi-10.3-2021.10/arm-none-eabi/lib/thumb/v7-m/nofp/libc.a(lib_a-freer.o)
                0x000000000800e0f4                _free_r
 .text.__retarget_lock_acquire_recursive
                0x000000000800e2f4        0x4 /home/phuoc/Workspace/Tools/gcc-arm-none-eabi-10.3-2021.10-x86_64-linux/gcc-arm-none-eabi-10.3-2021.10/arm-none-eabi/lib/thumb/v7-m/nofp/libc.a(lib_a-lock.o)
                0x000000000800e2f4                __retarget_lock_acquire_recursive
 .text.__retarget_lock_release_recursive
                0x000000000800e2f8        0x4 /home/phuoc/Workspace/Tools/gcc-arm-none-eabi-10.3-2021.10-x86_64-linux/gcc-arm-none-eabi-10.3-2021.10/arm-none-eabi/lib/thumb/v7-m/nofp/libc.a(lib_a-lock.o)
                0x000000000800e2f8                __retarget_lock_release_recursive
 .text.abort    0x000000000800e2fc       0x10 /home/phuoc/Workspace/Tools/gcc-arm-none-eabi-10.3-2021.10-x86_64-linux/gcc-arm-none-eabi-10.3-2021.10/arm-none-eabi/lib/thumb/v7-m/nofp/libc.a(lib_a-abort.o)
                0x000000000800e2fc                abort
 .text.raise    0x000000000800e30c       0x5c /home/phuoc/Workspace/Tools/gcc-arm-none-eabi-10.3-2021.10-x86_64-linux/gcc-arm-none-eabi-10.3-2021.10/arm-none-eabi/lib/thumb/v7-m/nofp/libc.a(lib_a-signal.o)
                0x000000000800e30c                raise
 .text._kill_r  0x000000000800e368       0x28 /home/phuoc/Workspace/Tools/gcc-arm-none-eabi-10.3-2021.10-x86_64-linux/gcc-arm-none-eabi-10.3-2021.10/arm-none-eabi/lib/thumb/v7-m/nofp/libc.a(lib_a-signalr.o)
                0x000000000800e368                _kill_r
 .text._getpid_r
                0x000000000800e390        0x4 /home/phuoc/Workspace/Tools/gcc-arm-none-eabi-10.3-2021.10-x86_64-linux/gcc-arm-none-eabi-10.3-2021.10/arm-none-eabi/lib/thumb/v7-m/nofp/libc.a(lib_a-signalr.o)
                0x000000000800e390                _getpid_r
 *fill*         0x000000000800e394        0x4 
 .text.atan     0x000000000800e398      0x31c /home/phuoc/Workspace/Tools/gcc-arm-none-eabi-10.3-2021.10-x86_64-linux/gcc-arm-none-eabi-10.3-2021.10/arm-none-eabi/lib/thumb/v7-m/nofp/libm.a(lib_a-s_atan.o)
                0x000000000800e398                atan
 .text.fabs     0x000000000800e6b4        0x8 /home/phuoc/Workspace/Tools/gcc-arm-none-eabi-10.3-2021.10-x86_64-linux/gcc-arm-none-eabi-10.3-2021.10/arm-none-eabi/lib/thumb/v7-m/nofp/libm.a(lib_a-s_fabs.o)
                0x000000000800e6b4                fabs
 .text.unlikely._ZSt20__throw_length_errorPKc
                0x000000000800e6bc        0x6 /home/phuoc/Workspace/Tools/gcc-arm-none-eabi-10.3-2021.10-x86_64-linux/gcc-arm-none-eabi-10.3-2021.10/arm-none-eabi/lib/thumb/v7-m/nofp/libstdc++_nano.a(functexcept.o)
                0x000000000800e6bc                std::__throw_length_error(char const*)
 *fill*         0x000000000800e6c2        0x2 
 .text._getpid  0x000000000800e6c4        0x4 /home/phuoc/Workspace/Tools/gcc-arm-none-eabi-10.3-2021.10-x86_64-linux/gcc-arm-none-eabi-10.3-2021.10/arm-none-eabi/lib/thumb/v7-m/nofp/librdpmon.a(syscalls.o)
                0x000000000800e6c4                _getpid
 .text._exit    0x000000000800e6c8       0x14 /home/phuoc/Workspace/Tools/gcc-arm-none-eabi-10.3-2021.10-x86_64-linux/gcc-arm-none-eabi-10.3-2021.10/arm-none-eabi/lib/thumb/v7-m/nofp/librdpmon.a(_exit.o)
                0x000000000800e6c8                _exit
 .text._kill    0x000000000800e6dc        0x4 /home/phuoc/Workspace/Tools/gcc-arm-none-eabi-10.3-2021.10-x86_64-linux/gcc-arm-none-eabi-10.3-2021.10/arm-none-eabi/lib/thumb/v7-m/nofp/librdpmon.a(_kill.o)
                0x000000000800e6dc                _kill
 .text._kill_shared
                0x000000000800e6e0        0x4 /home/phuoc/Workspace/Tools/gcc-arm-none-eabi-10.3-2021.10-x86_64-linux/gcc-arm-none-eabi-10.3-2021.10/arm-none-eabi/lib/thumb/v7-m/nofp/librdpmon.a(_kill.o)
                0x000000000800e6e0                _kill_shared
 *(.rodata)
 .rodata        0x000000000800e6e4        0xc build_Zomwar-application/scr_zomwar_game.o
 *(.rodata*)
 .rodata.task_create.str1.1
                0x000000000800e6f0        0x3 build_Zomwar-application/task.o
 .rodata.task_run.str1.1
                0x000000000800e6f3       0x25 build_Zomwar-application/task.o
 .rodata.timer_set.str1.1
                0x000000000800e718        0x3 build_Zomwar-application/timer.o
 .rodata.msg_force_free.str1.1
                0x000000000800e71b        0x3 build_Zomwar-application/message.o
 .rodata.ak_malloc.str1.1
                0x000000000800e71e        0xa build_Zomwar-application/message.o
 .rodata.fifo_put.str1.1
                0x000000000800e728        0x5 build_Zomwar-application/fifo.o
 .rodata.xvfprintf.str1.1
                0x000000000800e72d        0xb build_Zomwar-application/xprintf.o
                                          0xc (size before relaxing)
 .rodata.sys_dbg_cpu_dump.str1.1
                0x000000000800e738       0x5f build_Zomwar-application/sys_dbg.o
 .rodata.sys_dbg_stack_space_dump.str1.1
                0x000000000800e797       0x2f build_Zomwar-application/sys_dbg.o
 .rodata.sys_dbg_fatal.str1.1
                0x000000000800e7c6      0x25f build_Zomwar-application/sys_dbg.o
                                        0x261 (size before relaxing)
 .rodata.vMBPAssert.str1.1
                0x000000000800ea25        0x3 build_Zomwar-application/mbportother.o
 .rodata.exit_critical.str1.1
                0x000000000800ea28        0x4 build_Zomwar-application/platform.o
 .rodata.default_handler.str1.1
                0x000000000800ea2c        0x3 build_Zomwar-application/system.o
 .rodata.sys_cfg_update_info.str1.1
                0x000000000800ea2f       0x62 build_Zomwar-application/sys_cfg.o
                                         0x64 (size before relaxing)
 .rodata.sys_ctrl_soft_watchdog_increase_counter.str1.1
                0x000000000800ea91        0x5 build_Zomwar-application/sys_cfg.o
 .rodata.flash_transfer.str1.1
                0x000000000800ea96        0x4 build_Zomwar-application/io_cfg.o
 .rodata._Z21zw_game_gunner_handleP8ak_msg_t.str1.1
                0x000000000800ea9a       0xaa build_Zomwar-application/zw_game_gunner.o
 .rodata._Z21zw_game_bullet_handleP8ak_msg_t.str1.1
                0x000000000800eb44       0x72 build_Zomwar-application/zw_game_bullet.o
 .rodata._ZL11tones_shoot
                0x000000000800ebb6        0xc build_Zomwar-application/zw_game_bullet.o
 .rodata._Z19zw_game_bang_handleP8ak_msg_t.str1.1
                0x000000000800ebc2       0x52 build_Zomwar-application/zw_game_bang.o
 .rodata._Z21zw_game_border_handleP8ak_msg_t.str1.1
                0x000000000800ec14       0x91 build_Zomwar-application/zw_game_border.o
 *fill*         0x000000000800eca5        0x1 
 .rodata._ZL9tones_BUM
                0x000000000800eca6        0xc build_Zomwar-application/zw_game_border.o
 .rodata._Z21zw_game_zombie_handleP8ak_msg_t.str1.1
                0x000000000800ecb2       0x76 build_Zomwar-application/zw_game_zombie.o
 .rodata.ZOMBIE_LEFT_PX
                0x000000000800ed28       0x14 build_Zomwar-application/zw_game_zombie.o
                0x000000000800ed28                ZOMBIE_LEFT_PX
 .rodata._ZL10lane_y_arr
                0x000000000800ed3c        0x5 build_Zomwar-application/zw_game_zombie.o
 .rodata._Z18zw_game_car_handleP8ak_msg_t.str1.1
                0x000000000800ed41       0x4c build_Zomwar-application/zw_game_car.o
 *fill*         0x000000000800ed8d        0x3 
 .rodata._ZL6lane_y
                0x000000000800ed90       0x14 build_Zomwar-application/zw_game_car.o
 .rodata._ZNSt6vectorI4ballSaIS0_EE17_M_realloc_insertIJRKS0_EEEvN9__gnu_cxx17__normal_iteratorIPS0_S2_EEDpOT_.str1.1
                0x000000000800eda4       0x1a build_Zomwar-application/scr_idle.o
 .rodata._Z15scr_idle_handleP8ak_msg_t.str1.1
                0x000000000800edbe       0x8b build_Zomwar-application/scr_idle.o
 *fill*         0x000000000800ee49        0x1 
 .rodata._ZL11tones_3beep
                0x000000000800ee4a       0x18 build_Zomwar-application/scr_idle.o
 .rodata._ZL16view_scr_startupv.str1.1
                0x000000000800ee62       0x49 build_Zomwar-application/scr_startup.o
 .rodata._Z18scr_startup_handleP8ak_msg_t.str1.1
                0x000000000800eeab       0x38 build_Zomwar-application/scr_startup.o
                                         0x60 (size before relaxing)
 *fill*         0x000000000800eee3        0x1 
 .rodata._ZL13tones_startup
                0x000000000800eee4       0x28 build_Zomwar-application/scr_startup.o
 .rodata._Z20scr_menu_game_handleP8ak_msg_t.str1.1
                0x000000000800ef0c       0x8b build_Zomwar-application/scr_menu_game.o
 .rodata._ZL15menu_items_icon
                0x000000000800ef0c       0x10 build_Zomwar-application/scr_menu_game.o
 .rodata._ZL8tones_cc
                0x000000000800ef1c        0x8 build_Zomwar-application/scr_menu_game.o
 .rodata._Z23scr_game_setting_handleP8ak_msg_t.str1.1
                0x000000000800ef24       0x8b build_Zomwar-application/scr_game_setting.o
 .rodata._ZL21view_scr_game_settingv.str1.1
                0x000000000800ef24       0x2f build_Zomwar-application/scr_game_setting.o
 *fill*         0x000000000800ef53        0x1 
 .rodata._ZL13tones_startup
                0x000000000800ef54       0x28 build_Zomwar-application/scr_game_setting.o
 .rodata._ZL8tones_cc
                0x000000000800ef7c        0x8 build_Zomwar-application/scr_game_setting.o